Archive member included because of file (symbol)

c:/program files/atollic/truestudio for arm lite 5.0.0/armtools/bin/../lib/gcc/arm-atollic-eabi/4.7.3/../../../../arm-atollic-eabi/lib/armv7e-m/fpv4-sp-d16\libc.a(lib_a-init.o)
                              Application\TrueSTUDIO\startup_stm32f407xx.o (__libc_init_array)
c:/program files/atollic/truestudio for arm lite 5.0.0/armtools/bin/../lib/gcc/arm-atollic-eabi/4.7.3/../../../../arm-atollic-eabi/lib/armv7e-m/fpv4-sp-d16\libc.a(lib_a-memcpy.o)
                              Middlewares\FreeRTOS\queue.o (memcpy)
c:/program files/atollic/truestudio for arm lite 5.0.0/armtools/bin/../lib/gcc/arm-atollic-eabi/4.7.3/../../../../arm-atollic-eabi/lib/armv7e-m/fpv4-sp-d16\libc.a(lib_a-memset.o)
                              Middlewares\FreeRTOS\tasks.o (memset)

Allocating common symbols
Common symbol       size              file

hi2c1               0x38              Application\User\main.o
xQueueRegistry      0x40              Middlewares\FreeRTOS\queue.o
pFlash              0x1c              Drivers\STM32F4xx_HAL_Driver\stm32f4xx_hal_flash.o

Discarded input sections

 .text          0x00000000        0x0 c:/program files/atollic/truestudio for arm lite 5.0.0/armtools/bin/../lib/gcc/arm-atollic-eabi/4.7.3/armv7e-m/fpv4-sp-d16/crti.o
 .data          0x00000000        0x0 c:/program files/atollic/truestudio for arm lite 5.0.0/armtools/bin/../lib/gcc/arm-atollic-eabi/4.7.3/armv7e-m/fpv4-sp-d16/crti.o
 .bss           0x00000000        0x0 c:/program files/atollic/truestudio for arm lite 5.0.0/armtools/bin/../lib/gcc/arm-atollic-eabi/4.7.3/armv7e-m/fpv4-sp-d16/crti.o
 .data          0x00000000        0x4 c:/program files/atollic/truestudio for arm lite 5.0.0/armtools/bin/../lib/gcc/arm-atollic-eabi/4.7.3/armv7e-m/fpv4-sp-d16/crtbegin.o
 .text          0x00000000        0x0 Middlewares\FreeRTOS\timers.o
 .data          0x00000000        0x0 Middlewares\FreeRTOS\timers.o
 .bss           0x00000000        0x0 Middlewares\FreeRTOS\timers.o
 .debug_info    0x00000000       0x72 Middlewares\FreeRTOS\timers.o
 .debug_abbrev  0x00000000       0x26 Middlewares\FreeRTOS\timers.o
 .debug_aranges
                0x00000000       0x18 Middlewares\FreeRTOS\timers.o
 .debug_line    0x00000000       0x1d Middlewares\FreeRTOS\timers.o
 .debug_str     0x00000000      0x16c Middlewares\FreeRTOS\timers.o
 .comment       0x00000000       0x84 Middlewares\FreeRTOS\timers.o
 .ARM.attributes
                0x00000000       0x39 Middlewares\FreeRTOS\timers.o
 .text          0x00000000        0x0 Middlewares\FreeRTOS\tasks.o
 .data          0x00000000        0x0 Middlewares\FreeRTOS\tasks.o
 .bss           0x00000000        0x0 Middlewares\FreeRTOS\tasks.o
 .text.prvListTaskWithinSingleList
                0x00000000       0x80 Middlewares\FreeRTOS\tasks.o
 .text.vTaskDelete
                0x00000000       0x6c Middlewares\FreeRTOS\tasks.o
 .text.uxTaskPriorityGet
                0x00000000       0x1c Middlewares\FreeRTOS\tasks.o
 .text.vTaskPrioritySet
                0x00000000       0xa4 Middlewares\FreeRTOS\tasks.o
 .text.xTaskIsTaskSuspended
                0x00000000       0x30 Middlewares\FreeRTOS\tasks.o
 .text.vTaskResume
                0x00000000       0x6c Middlewares\FreeRTOS\tasks.o
 .text.xTaskResumeFromISR
                0x00000000       0x84 Middlewares\FreeRTOS\tasks.o
 .text.vTaskEndScheduler
                0x00000000       0x18 Middlewares\FreeRTOS\tasks.o
 .text.xTaskGetTickCount
                0x00000000       0x18 Middlewares\FreeRTOS\tasks.o
 .text.xTaskGetTickCountFromISR
                0x00000000       0x1c Middlewares\FreeRTOS\tasks.o
 .text.uxTaskGetNumberOfTasks
                0x00000000        0xc Middlewares\FreeRTOS\tasks.o
 .text.uxTaskGetSystemState
                0x00000000       0x98 Middlewares\FreeRTOS\tasks.o
 .text.vTaskSuspend
                0x00000000       0x70 Middlewares\FreeRTOS\tasks.o
 .text.vTaskPlaceOnEventList
                0x00000000       0x4c Middlewares\FreeRTOS\tasks.o
 .text.xTaskRemoveFromEventList
                0x00000000       0x74 Middlewares\FreeRTOS\tasks.o
 .text.vTaskSetTimeOutState
                0x00000000       0x20 Middlewares\FreeRTOS\tasks.o
 .text.xTaskCheckForTimeOut
                0x00000000       0x5c Middlewares\FreeRTOS\tasks.o
 .text.vTaskMissedYield
                0x00000000        0xc Middlewares\FreeRTOS\tasks.o
 .text.uxTaskGetTaskNumber
                0x00000000        0x6 Middlewares\FreeRTOS\tasks.o
 .text.vTaskSetTaskNumber
                0x00000000        0x6 Middlewares\FreeRTOS\tasks.o
 .text.xTaskGetCurrentTaskHandle
                0x00000000        0xc Middlewares\FreeRTOS\tasks.o
 .text.xTaskGetSchedulerState
                0x00000000       0x1c Middlewares\FreeRTOS\tasks.o
 .text.vTaskPriorityInherit
                0x00000000       0x6c Middlewares\FreeRTOS\tasks.o
 .text.vTaskPriorityDisinherit
[...]
Memory Configuration

Name             Origin             Length             Attributes
FLASH            0x08000000         0x00100000         xr
RAM              0x20000000         0x00020000         xrw
CCMRAM           0x10000000         0x00010000         rw
*default*        0x00000000         0xffffffff

Linker script and memory map

LOAD c:/program files/atollic/truestudio for arm lite 5.0.0/armtools/bin/../lib/gcc/arm-atollic-eabi/4.7.3/armv7e-m/fpv4-sp-d16/crti.o
LOAD c:/program files/atollic/truestudio for arm lite 5.0.0/armtools/bin/../lib/gcc/arm-atollic-eabi/4.7.3/armv7e-m/fpv4-sp-d16/crtbegin.o
LOAD Middlewares\FreeRTOS\timers.o
LOAD Middlewares\FreeRTOS\tasks.o
LOAD Middlewares\FreeRTOS\queue.o
LOAD Middlewares\FreeRTOS\port.o
LOAD Middlewares\FreeRTOS\list.o
LOAD Middlewares\FreeRTOS\heap_4.o
LOAD Middlewares\FreeRTOS\croutine.o
LOAD Middlewares\FreeRTOS\cmsis_os.o
LOAD Drivers\STM32F4xx_HAL_Driver\stm32f4xx_hal_rcc_ex.o
LOAD Drivers\STM32F4xx_HAL_Driver\stm32f4xx_hal_rcc.o
LOAD Drivers\STM32F4xx_HAL_Driver\stm32f4xx_hal_pwr_ex.o
LOAD Drivers\STM32F4xx_HAL_Driver\stm32f4xx_hal_pwr.o
LOAD Drivers\STM32F4xx_HAL_Driver\stm32f4xx_hal_i2c_ex.o
LOAD Drivers\STM32F4xx_HAL_Driver\stm32f4xx_hal_i2c.o
LOAD Drivers\STM32F4xx_HAL_Driver\stm32f4xx_hal_gpio.o
LOAD Drivers\STM32F4xx_HAL_Driver\stm32f4xx_hal_flash_ramfunc.o
LOAD Drivers\STM32F4xx_HAL_Driver\stm32f4xx_hal_flash_ex.o
LOAD Drivers\STM32F4xx_HAL_Driver\stm32f4xx_hal_flash.o
LOAD Drivers\STM32F4xx_HAL_Driver\stm32f4xx_hal_dma_ex.o
LOAD Drivers\STM32F4xx_HAL_Driver\stm32f4xx_hal_dma.o
LOAD Drivers\STM32F4xx_HAL_Driver\stm32f4xx_hal_cortex.o
LOAD Drivers\STM32F4xx_HAL_Driver\stm32f4xx_hal.o
LOAD Drivers\CMSIS\system_stm32f4xx.o
LOAD Application\User\stm32f4xx_it.o
LOAD Application\User\stm32f4xx_hal_msp.o
LOAD Application\User\main.o
LOAD Application\User\freertos.o
LOAD Application\TrueSTUDIO\startup_stm32f407xx.o
START GROUP
LOAD c:/program files/atollic/truestudio for arm lite 5.0.0/armtools/bin/../lib/gcc/arm-atollic-eabi/4.7.3/../../../../arm-atollic-eabi/lib/armv7e-m/fpv4-sp-d16\libc.a
LOAD c:/program files/atollic/truestudio for arm lite 5.0.0/armtools/bin/../lib/gcc/arm-atollic-eabi/4.7.3/../../../../arm-atollic-eabi/lib/armv7e-m/fpv4-sp-d16\libm.a
END GROUP
                0x00001000                malloc_getpagesize_P = 0x1000
START GROUP
LOAD c:/program files/atollic/truestudio for arm lite 5.0.0/armtools/bin/../lib/gcc/arm-atollic-eabi/4.7.3/armv7e-m/fpv4-sp-d16\libgcc.a
LOAD c:/program files/atollic/truestudio for arm lite 5.0.0/armtools/bin/../lib/gcc/arm-atollic-eabi/4.7.3/../../../../arm-atollic-eabi/lib/armv7e-m/fpv4-sp-d16\libc.a
END GROUP
LOAD c:/program files/atollic/truestudio for arm lite 5.0.0/armtools/bin/../lib/gcc/arm-atollic-eabi/4.7.3/armv7e-m/fpv4-sp-d16/crtend.o
LOAD c:/program files/atollic/truestudio for arm lite 5.0.0/armtools/bin/../lib/gcc/arm-atollic-eabi/4.7.3/armv7e-m/fpv4-sp-d16/crtn.o
                0x2001ffff                _estack = 0x2001ffff
                0x00000000                _Min_Heap_Size = 0x0
                0x00000400                _Min_Stack_Size = 0x400

.isr_vector     0x08000000      0x188
                0x08000000                . = ALIGN (0x4)
 *(.isr_vector)
 .isr_vector    0x08000000      0x188 Application\TrueSTUDIO\startup_stm32f407xx.o
                0x08000000                g_pfnVectors
                0x08000188                . = ALIGN (0x4)

.text           0x08000188     0x1a18
                0x08000188                . = ALIGN (0x4)
 *(.text)
 .text          0x08000188       0x54 c:/program files/atollic/truestudio for arm lite 5.0.0/armtools/bin/../lib/gcc/arm-atollic-eabi/4.7.3/armv7e-m/fpv4-sp-d16/crtbegin.o
 *(.text*)
 .text.prvAddCurrentTaskToDelayedList
                0x080001dc       0x50 Middlewares\FreeRTOS\tasks.o
 .text.xTaskGenericCreate
                0x0800022c      0x198 Middlewares\FreeRTOS\tasks.o
                0x0800022c                xTaskGenericCreate
 .text.vTaskStartScheduler
                0x080003c4       0x54 Middlewares\FreeRTOS\tasks.o
                0x080003c4                vTaskStartScheduler
 .text.vTaskSuspendAll
                0x08000418       0x10 Middlewares\FreeRTOS\tasks.o
                0x08000418                vTaskSuspendAll
 .text.xTaskIncrementTick
                0x08000428      0x114 Middlewares\FreeRTOS\tasks.o
                0x08000428                xTaskIncrementTick
 .text.xTaskResumeAll
                0x0800053c       0xc8 Middlewares\FreeRTOS\tasks.o
                0x0800053c                xTaskResumeAll
 .text.prvIdleTask
                0x08000604       0x64 Middlewares\FreeRTOS\tasks.o
 .text.vTaskDelay
                0x08000668       0x3c Middlewares\FreeRTOS\tasks.o
                0x08000668                vTaskDelay
 .text.vTaskSwitchContext
                0x080006a4       0x68 Middlewares\FreeRTOS\tasks.o
                0x080006a4                vTaskSwitchContext
 .text.prvPortStartFirstTask
                0x0800070c       0x14 Middlewares\FreeRTOS\port.o
 .text.vPortEnableVFP
                0x08000720       0x14 Middlewares\FreeRTOS\port.o
 .text.pxPortInitialiseStack
                0x08000734       0x24 Middlewares\FreeRTOS\port.o
                0x08000734                pxPortInitialiseStack
 .text.SVC_Handler
                0x08000758       0x1c Middlewares\FreeRTOS\port.o
                0x08000758                SVC_Handler
 .text.vPortYield
                0x08000774       0x18 Middlewares\FreeRTOS\port.o
                0x08000774                vPortYield
 .text.ulPortSetInterruptMask
                0x0800078c       0x10 Middlewares\FreeRTOS\port.o
                0x0800078c                ulPortSetInterruptMask
 .text.vPortEnterCritical
                0x0800079c       0x1c Middlewares\FreeRTOS\port.o
                0x0800079c                vPortEnterCritical
 .text.prvTaskExitError
                0x080007b8       0x1c Middlewares\FreeRTOS\port.o
 .text.vPortClearInterruptMask
                0x080007d4        0x6 Middlewares\FreeRTOS\port.o
                0x080007d4                vPortClearInterruptMask
 *fill*         0x080007da        0x2 00
 .text.vPortExitCritical
                0x080007dc       0x14 Middlewares\FreeRTOS\port.o
                0x080007dc                vPortExitCritical
 .text.PendSV_Handler
                0x080007f0       0x50 Middlewares\FreeRTOS\port.o
                0x080007f0                PendSV_Handler
 .text.xPortSysTickHandler
                0x08000840       0x24 Middlewares\FreeRTOS\port.o
                0x08000840                xPortSysTickHandler
 .text.vPortSetupTimerInterrupt
                0x08000864       0x24 Middlewares\FreeRTOS\port.o
                0x08000864                vPortSetupTimerInterrupt
 .text.xPortStartScheduler
                0x08000888       0x9c Middlewares\FreeRTOS\port.o
                0x08000888                xPortStartScheduler
 .text.vListInitialise
                0x08000924       0x16 Middlewares\FreeRTOS\list.o
                0x08000924                vListInitialise
 .text.vListInitialiseItem
                0x0800093a        0x6 Middlewares\FreeRTOS\list.o
                0x0800093a                vListInitialiseItem
 .text.vListInsertEnd
                0x08000940       0x18 Middlewares\FreeRTOS\list.o
                0x08000940                vListInsertEnd
 .text.vListInsert
                0x08000958       0x30 Middlewares\FreeRTOS\list.o
                0x08000958                vListInsert
 .text.uxListRemove
                0x08000988       0x20 Middlewares\FreeRTOS\list.o
                0x08000988                uxListRemove
 .text.prvInsertBlockIntoFreeList
                0x080009a8       0x48 Middlewares\FreeRTOS\heap_4.o
 .text.pvPortMalloc
                0x080009f0       0xd0 Middlewares\FreeRTOS\heap_4.o
                0x080009f0                pvPortMalloc
 .text.vPortFree
                0x08000ac0       0x58 Middlewares\FreeRTOS\heap_4.o
                0x08000ac0                vPortFree
 .text.osThreadCreate
                0x08000b18       0x32 Middlewares\FreeRTOS\cmsis_os.o
                0x08000b18                osThreadCreate
 .text.osKernelStart
                0x08000b4a       0x10 Middlewares\FreeRTOS\cmsis_os.o
                0x08000b4a                osKernelStart
 .text.osDelay  0x08000b5a       0x10 Middlewares\FreeRTOS\cmsis_os.o
                0x08000b5a                osDelay
 *fill*         0x08000b6a        0x2 00
 .text.HAL_RCC_OscConfig
                0x08000b6c      0x310 Drivers\STM32F4xx_HAL_Driver\stm32f4xx_hal_rcc.o
                0x08000b6c                HAL_RCC_OscConfig
 .text.HAL_RCC_ClockConfig
                0x08000e7c      0x1c4 Drivers\STM32F4xx_HAL_Driver\stm32f4xx_hal_rcc.o
                0x08000e7c                HAL_RCC_ClockConfig
 .text.HAL_RCC_GetSysClockFreq
                0x08001040       0xa4 Drivers\STM32F4xx_HAL_Driver\stm32f4xx_hal_rcc.o
                0x08001040                HAL_RCC_GetSysClockFreq
 .text.HAL_RCC_GetHCLKFreq
                0x080010e4       0x38 Drivers\STM32F4xx_HAL_Driver\stm32f4xx_hal_rcc.o
                0x080010e4                HAL_RCC_GetHCLKFreq
 .text.HAL_RCC_GetPCLK1Freq
                0x0800111c       0x34 Drivers\STM32F4xx_HAL_Driver\stm32f4xx_hal_rcc.o
                0x0800111c                HAL_RCC_GetPCLK1Freq
 .text.I2C_WaitOnFlagUntilTimeout
                0x08001150       0x96 Drivers\STM32F4xx_HAL_Driver\stm32f4xx_hal_i2c.o
 .text.I2C_WaitOnMasterAddressFlagUntilTimeout
                0x080011e6       0x84 Drivers\STM32F4xx_HAL_Driver\stm32f4xx_hal_i2c.o
 *fill*         0x0800126a        0x2 00
 .text.I2C_MasterRequestWrite
                0x0800126c       0x78 Drivers\STM32F4xx_HAL_Driver\stm32f4xx_hal_i2c.o
 .text.HAL_I2C_Init
                0x080012e4       0xcc Drivers\STM32F4xx_HAL_Driver\stm32f4xx_hal_i2c.o
                0x080012e4                HAL_I2C_Init
 .text.HAL_I2C_Master_Transmit
                0x080013b0       0xe4 Drivers\STM32F4xx_HAL_Driver\stm32f4xx_hal_i2c.o
                0x080013b0                HAL_I2C_Master_Transmit
 .text.HAL_GPIO_Init
                0x08001494      0x1c0 Drivers\STM32F4xx_HAL_Driver\stm32f4xx_hal_gpio.o
                0x08001494                HAL_GPIO_Init
 .text.HAL_NVIC_SetPriorityGrouping
                0x08001654       0x24 Drivers\STM32F4xx_HAL_Driver\stm32f4xx_hal_cortex.o
                0x08001654                HAL_NVIC_SetPriorityGrouping
 .text.HAL_NVIC_SetPriority
                0x08001678       0x68 Drivers\STM32F4xx_HAL_Driver\stm32f4xx_hal_cortex.o
                0x08001678                HAL_NVIC_SetPriority
 .text.HAL_SYSTICK_Config
                0x080016e0       0x2c Drivers\STM32F4xx_HAL_Driver\stm32f4xx_hal_cortex.o
                0x080016e0                HAL_SYSTICK_Config
 .text.HAL_MspInit
                0x0800170c        0x2 Drivers\STM32F4xx_HAL_Driver\stm32f4xx_hal.o
                0x0800170c                HAL_MspInit
 .text.HAL_InitTick
                0x0800170e       0x24 Drivers\STM32F4xx_HAL_Driver\stm32f4xx_hal.o
                0x0800170e                HAL_InitTick
 *fill*         0x08001732        0x2 00
 .text.HAL_Init
                0x08001734       0x34 Drivers\STM32F4xx_HAL_Driver\stm32f4xx_hal.o
                0x08001734                HAL_Init
 .text.HAL_IncTick
                0x08001768       0x10 Drivers\STM32F4xx_HAL_Driver\stm32f4xx_hal.o
                0x08001768                HAL_IncTick
 .text.HAL_GetTick
                0x08001778        0xc Drivers\STM32F4xx_HAL_Driver\stm32f4xx_hal.o
                0x08001778                HAL_GetTick
 .text.SystemInit
                0x08001784       0x4c Drivers\CMSIS\system_stm32f4xx.o
                0x08001784                SystemInit
 .text.SysTick_Handler
                0x080017d0        0xe Application\User\stm32f4xx_it.o
                0x080017d0                SysTick_Handler
 *fill*         0x080017de        0x2 00
 .text.HAL_I2C_MspInit
                0x080017e0       0x40 Application\User\stm32f4xx_hal_msp.o
                0x080017e0                HAL_I2C_MspInit
 .text.CounterThread
                0x08001820       0x4c Application\User\main.o
 .text.StartThread
                0x0800186c        0xa Application\User\main.o
 *fill*         0x08001876        0x2 00
 .text.SystemClock_Config
                0x08001878       0x6c Application\User\main.o
                0x08001878                SystemClock_Config
 .text.startup.main
                0x080018e4      0x1ec Application\User\main.o
                0x080018e4                main
 .text.Reset_Handler
                0x08001ad0       0x58 Application\TrueSTUDIO\startup_stm32f407xx.o
                0x08001ad0                Reset_Handler
 .text.Default_Handler
                0x08001b28        0x4 Application\TrueSTUDIO\startup_stm32f407xx.o
                0x08001b28                RTC_Alarm_IRQHandler
                0x08001b28                HASH_RNG_IRQHandler
                0x08001b28                EXTI2_IRQHandler
                0x08001b28                TIM8_CC_IRQHandler
                0x08001b28                DebugMon_Handler
                0x08001b28                TIM1_CC_IRQHandler
                0x08001b28                DMA2_Stream5_IRQHandler
                0x08001b28                HardFault_Handler
                0x08001b28                DMA1_Stream5_IRQHandler
                0x08001b28                PVD_IRQHandler
                0x08001b28                SDIO_IRQHandler
                0x08001b28                TAMP_STAMP_IRQHandler
                0x08001b28                NMI_Handler
                0x08001b28                CAN2_RX1_IRQHandler
                0x08001b28                EXTI3_IRQHandler
                0x08001b28                TIM8_TRG_COM_TIM14_IRQHandler
                0x08001b28                TIM1_UP_TIM10_IRQHandler
                0x08001b28                TIM8_UP_TIM13_IRQHandler
                0x08001b28                I2C3_ER_IRQHandler
                0x08001b28                EXTI0_IRQHandler
                0x08001b28                I2C2_EV_IRQHandler
                0x08001b28                DMA1_Stream2_IRQHandler
                0x08001b28                CAN1_RX0_IRQHandler
                0x08001b28                FPU_IRQHandler
                0x08001b28                OTG_HS_WKUP_IRQHandler
                0x08001b28                UsageFault_Handler
                0x08001b28                CAN2_SCE_IRQHandler
                0x08001b28                DMA2_Stream2_IRQHandler
                0x08001b28                SPI1_IRQHandler
                0x08001b28                TIM6_DAC_IRQHandler
                0x08001b28                TIM1_BRK_TIM9_IRQHandler
                0x08001b28                DCMI_IRQHandler
                0x08001b28                CAN2_RX0_IRQHandler
                0x08001b28                DMA2_Stream3_IRQHandler
                0x08001b28                USART6_IRQHandler
                0x08001b28                USART3_IRQHandler
                0x08001b28                CAN1_RX1_IRQHandler
                0x08001b28                UART5_IRQHandler
                0x08001b28                DMA2_Stream0_IRQHandler
                0x08001b28                TIM4_IRQHandler
                0x08001b28                I2C1_EV_IRQHandler
                0x08001b28                DMA1_Stream6_IRQHandler
                0x08001b28                DMA1_Stream1_IRQHandler
                0x08001b28                UART4_IRQHandler
                0x08001b28                TIM3_IRQHandler
                0x08001b28                RCC_IRQHandler
                0x08001b28                TIM8_BRK_TIM12_IRQHandler
                0x08001b28                Default_Handler
                0x08001b28                EXTI15_10_IRQHandler
                0x08001b28                ADC_IRQHandler
                0x08001b28                DMA1_Stream7_IRQHandler
                0x08001b28                TIM7_IRQHandler
                0x08001b28                CAN2_TX_IRQHandler
                0x08001b28                TIM5_IRQHandler
                0x08001b28                DMA2_Stream7_IRQHandler
                0x08001b28                I2C3_EV_IRQHandler
                0x08001b28                EXTI9_5_IRQHandler
                0x08001b28                RTC_WKUP_IRQHandler
                0x08001b28                ETH_WKUP_IRQHandler
                0x08001b28                SPI2_IRQHandler
                0x08001b28                OTG_HS_EP1_IN_IRQHandler
                0x08001b28                MemManage_Handler
                0x08001b28                DMA1_Stream0_IRQHandler
                0x08001b28                CAN1_TX_IRQHandler
                0x08001b28                EXTI4_IRQHandler
                0x08001b28                FSMC_IRQHandler
                0x08001b28                ETH_IRQHandler
                0x08001b28                OTG_HS_EP1_OUT_IRQHandler
                0x08001b28                WWDG_IRQHandler
                0x08001b28                TIM2_IRQHandler
                0x08001b28                OTG_FS_WKUP_IRQHandler
                0x08001b28                TIM1_TRG_COM_TIM11_IRQHandler
                0x08001b28                OTG_HS_IRQHandler
                0x08001b28                EXTI1_IRQHandler
                0x08001b28                USART2_IRQHandler
                0x08001b28                I2C2_ER_IRQHandler
                0x08001b28                DMA2_Stream1_IRQHandler
                0x08001b28                CAN1_SCE_IRQHandler
                0x08001b28                FLASH_IRQHandler
                0x08001b28                DMA2_Stream4_IRQHandler
                0x08001b28                BusFault_Handler
                0x08001b28                USART1_IRQHandler
                0x08001b28                OTG_FS_IRQHandler
                0x08001b28                SPI3_IRQHandler
                0x08001b28                DMA1_Stream4_IRQHandler
                0x08001b28                I2C1_ER_IRQHandler
                0x08001b28                DMA2_Stream6_IRQHandler
                0x08001b28                DMA1_Stream3_IRQHandler
 .text.__libc_init_array
                0x08001b2c       0x4c c:/program files/atollic/truestudio for arm lite 5.0.0/armtools/bin/../lib/gcc/arm-atollic-eabi/4.7.3/../../../../arm-atollic-eabi/lib/armv7e-m/fpv4-sp-d16\libc.a(lib_a-init.o)
                0x08001b2c                __libc_init_array
 .text.memset   0x08001b78       0x10 c:/program files/atollic/truestudio for arm lite 5.0.0/armtools/bin/../lib/gcc/arm-atollic-eabi/4.7.3/../../../../arm-atollic-eabi/lib/armv7e-m/fpv4-sp-d16\libc.a(lib_a-memset.o)
                0x08001b78                memset
 *(.glue_7)
 .glue_7        0x00000000        0x0 linker stubs
 *(.glue_7t)
 .glue_7t       0x00000000        0x0 linker stubs
 *(.eh_frame)
 .eh_frame      0x08001b88        0x0 c:/program files/atollic/truestudio for arm lite 5.0.0/armtools/bin/../lib/gcc/arm-atollic-eabi/4.7.3/armv7e-m/fpv4-sp-d16/crtbegin.o
 *(.init)
 .init          0x08001b88        0x4 c:/program files/atollic/truestudio for arm lite 5.0.0/armtools/bin/../lib/gcc/arm-atollic-eabi/4.7.3/armv7e-m/fpv4-sp-d16/crti.o
                0x08001b88                _init
 .init          0x08001b8c        0x8 c:/program files/atollic/truestudio for arm lite 5.0.0/armtools/bin/../lib/gcc/arm-atollic-eabi/4.7.3/armv7e-m/fpv4-sp-d16/crtn.o
 *(.fini)
 .fini          0x08001b94        0x4 c:/program files/atollic/truestudio for arm lite 5.0.0/armtools/bin/../lib/gcc/arm-atollic-eabi/4.7.3/armv7e-m/fpv4-sp-d16/crti.o
                0x08001b94                _fini
 .fini          0x08001b98        0x8 c:/program files/atollic/truestudio for arm lite 5.0.0/armtools/bin/../lib/gcc/arm-atollic-eabi/4.7.3/armv7e-m/fpv4-sp-d16/crtn.o
                0x08001ba0                . = ALIGN (0x4)
                0x08001ba0                _etext = .

.vfp11_veneer   0x08001ba0        0x0
 .vfp11_veneer  0x00000000        0x0 linker stubs

.v4_bx          0x08001ba0        0x0
 .v4_bx         0x00000000        0x0 linker stubs

.iplt           0x08001ba0        0x0
 .iplt          0x00000000        0x0 c:/program files/atollic/truestudio for arm lite 5.0.0/armtools/bin/../lib/gcc/arm-atollic-eabi/4.7.3/armv7e-m/fpv4-sp-d16/crtbegin.o

.rodata         0x08001ba0       0x58
                0x08001ba0                . = ALIGN (0x4)
 *(.rodata)
 .rodata        0x08001ba0       0x28 Application\User\main.o
 *(.rodata*)
 .rodata.str1.1
                0x08001bc8        0x5 Middlewares\FreeRTOS\tasks.o
 .rodata.APBAHBPrescTable
                0x08001bcd       0x10 Drivers\STM32F4xx_HAL_Driver\stm32f4xx_hal_rcc.o
                0x08001bcd                APBAHBPrescTable
 .rodata.str1.1
                0x08001bdd       0x19 Application\User\main.o
                0x08001bf8                . = ALIGN (0x4)
 *fill*         0x08001bf6        0x2 00

.rel.dyn        0x08001bf8        0x0
 .rel.iplt      0x00000000        0x0 c:/program files/atollic/truestudio for arm lite 5.0.0/armtools/bin/../lib/gcc/arm-atollic-eabi/4.7.3/armv7e-m/fpv4-sp-d16/crtbegin.o

.ARM.extab
 *(.ARM.extab* .gnu.linkonce.armextab.*)

.ARM            0x08001bf8        0x0
                0x08001bf8                __exidx_start = .
 *(.ARM.exidx*)
                0x08001bf8                __exidx_end = .

.preinit_array  0x08001bf8        0x0
                0x08001bf8                PROVIDE (__preinit_array_start, .)
 *(.preinit_array*)
                0x08001bf8                PROVIDE (__preinit_array_end, .)

.init_array     0x08001bf8        0x4
                0x08001bf8                PROVIDE (__init_array_start, .)
 *(SORT(.init_array.*))
 *(.init_array*)
 .init_array    0x08001bf8        0x4 c:/program files/atollic/truestudio for arm lite 5.0.0/armtools/bin/../lib/gcc/arm-atollic-eabi/4.7.3/armv7e-m/fpv4-sp-d16/crtbegin.o
                0x08001bfc                PROVIDE (__init_array_end, .)

.fini_array     0x08001bfc        0x4
                0x08001bfc                PROVIDE (__fini_array_start, .)
 *(SORT(.fini_array.*))
 *(.fini_array*)
 .fini_array    0x08001bfc        0x4 c:/program files/atollic/truestudio for arm lite 5.0.0/armtools/bin/../lib/gcc/arm-atollic-eabi/4.7.3/armv7e-m/fpv4-sp-d16/crtbegin.o
                0x08001c00                PROVIDE (__fini_array_end, .)
                0x08001c00                _sidata = LOADADDR (.data)

.data           0x20000000       0x10 load address 0x08001c00
                0x20000000                . = ALIGN (0x4)
                0x20000000                _sdata = .
 *(.data)
 *(.data*)
 .data.xNextTaskUnblockTime
                0x20000000        0x4 Middlewares\FreeRTOS\tasks.o
 .data.uxCriticalNesting
                0x20000004        0x4 Middlewares\FreeRTOS\port.o
 .data.xFreeBytesRemaining
                0x20000008        0x4 Middlewares\FreeRTOS\heap_4.o
 .data.SystemCoreClock
                0x2000000c        0x4 Drivers\CMSIS\system_stm32f4xx.o
                0x2000000c                SystemCoreClock
                0x20000010                . = ALIGN (0x4)
                0x20000010                _edata = .
                0x08001c10                _siccmram = LOADADDR (.ccmram)

.jcr            0x20000010        0x0 load address 0x08001c10
 .jcr           0x20000010        0x0 c:/program files/atollic/truestudio for arm lite 5.0.0/armtools/bin/../lib/gcc/arm-atollic-eabi/4.7.3/armv7e-m/fpv4-sp-d16/crtbegin.o

.igot.plt       0x20000010        0x0 load address 0x08001c10
 .igot.plt      0x00000000        0x0 c:/program files/atollic/truestudio for arm lite 5.0.0/armtools/bin/../lib/gcc/arm-atollic-eabi/4.7.3/armv7e-m/fpv4-sp-d16/crtbegin.o

.ccmram         0x10000000        0x0 load address 0x08001c10
                0x10000000                . = ALIGN (0x4)
                0x10000000                _sccmram = .
 *(.ccmram)
 *(.ccmram*)
                0x10000000                . = ALIGN (0x4)
                0x10000000                _eccmram = .
                0x10000000                . = ALIGN (0x4)

.bss            0x20000010     0x3d94
                0x20000010                _sbss = .
                0x20000010                __bss_start__ = _sbss
 *(.bss)
 .bss           0x20000010       0x1c c:/program files/atollic/truestudio for arm lite 5.0.0/armtools/bin/../lib/gcc/arm-atollic-eabi/4.7.3/armv7e-m/fpv4-sp-d16/crtbegin.o
 *(.bss*)
 .bss.xSuspendedTaskList
                0x2000002c       0x14 Middlewares\FreeRTOS\tasks.o
 .bss.pxDelayedTaskList
                0x20000040        0x4 Middlewares\FreeRTOS\tasks.o
 .bss.xSchedulerRunning
                0x20000044        0x4 Middlewares\FreeRTOS\tasks.o
 .bss.uxTasksDeleted
                0x20000048        0x4 Middlewares\FreeRTOS\tasks.o
 .bss.xTasksWaitingTermination
                0x2000004c       0x14 Middlewares\FreeRTOS\tasks.o
 .bss.xDelayedTaskList2
                0x20000060       0x14 Middlewares\FreeRTOS\tasks.o
 .bss.uxPendedTicks
                0x20000074        0x4 Middlewares\FreeRTOS\tasks.o
 .bss.pxReadyTasksLists
                0x20000078       0x8c Middlewares\FreeRTOS\tasks.o
 .bss.uxSchedulerSuspended
                0x20000104        0x4 Middlewares\FreeRTOS\tasks.o
 .bss.xNumOfOverflows
                0x20000108        0x4 Middlewares\FreeRTOS\tasks.o
 .bss.pxCurrentTCB
                0x2000010c        0x4 Middlewares\FreeRTOS\tasks.o
                0x2000010c                pxCurrentTCB
 .bss.xPendingReadyList
                0x20000110       0x14 Middlewares\FreeRTOS\tasks.o
 .bss.xTickCount
                0x20000124        0x4 Middlewares\FreeRTOS\tasks.o
 .bss.pxOverflowDelayedTaskList
                0x20000128        0x4 Middlewares\FreeRTOS\tasks.o
 .bss.uxTaskNumber
                0x2000012c        0x4 Middlewares\FreeRTOS\tasks.o
 .bss.xDelayedTaskList1
                0x20000130       0x14 Middlewares\FreeRTOS\tasks.o
 .bss.uxCurrentNumberOfTasks
                0x20000144        0x4 Middlewares\FreeRTOS\tasks.o
 .bss.uxTopReadyPriority
                0x20000148        0x4 Middlewares\FreeRTOS\tasks.o
 .bss.xYieldPending
                0x2000014c        0x4 Middlewares\FreeRTOS\tasks.o
 .bss.ucMaxSysCallPriority
                0x20000150        0x1 Middlewares\FreeRTOS\port.o
 *fill*         0x20000151        0x3 00
 .bss.ulMaxPRIGROUPValue
                0x20000154        0x4 Middlewares\FreeRTOS\port.o
 .bss.pxEnd     0x20000158        0x4 Middlewares\FreeRTOS\heap_4.o
 .bss.xStart    0x2000015c        0x8 Middlewares\FreeRTOS\heap_4.o
 .bss.ucHeap    0x20000164     0x3c00 Middlewares\FreeRTOS\heap_4.o
 .bss.xBlockAllocatedBit
                0x20003d64        0x4 Middlewares\FreeRTOS\heap_4.o
 .bss.uwTick    0x20003d68        0x4 Drivers\STM32F4xx_HAL_Driver\stm32f4xx_hal.o
 *(COMMON)
 COMMON         0x20003d6c       0x38 Application\User\main.o
                0x20003d6c                hi2c1
                0x20003da4                . = ALIGN (0x4)
                0x20003da4                _ebss = .
                0x20003da4                __bss_end__ = _ebss

._user_heap_stack
                0x20003da4      0x400
                0x20003da4                . = ALIGN (0x4)
                0x20003da4                PROVIDE (end, .)
                0x20003da4                PROVIDE (_end, .)
                0x20003da4                . = (. + _Min_Heap_Size)
                0x200041a4                . = (. + _Min_Stack_Size)
 *fill*         0x20003da4      0x400 00
                0x200041a4                . = ALIGN (0x4)

/DISCARD/
 libc.a(*)
 libm.a(*)
 libgcc.a(*)

.ARM.attributes
                0x00000000       0x30
 *(.ARM.attributes)
 .ARM.attributes
                0x00000000       0x24 c:/program files/atollic/truestudio for arm lite 5.0.0/armtools/bin/../lib/gcc/arm-atollic-eabi/4.7.3/armv7e-m/fpv4-sp-d16/crti.o
 .ARM.attributes
                0x00000024       0x2e c:/program files/atollic/truestudio for arm lite 5.0.0/armtools/bin/../lib/gcc/arm-atollic-eabi/4.7.3/armv7e-m/fpv4-sp-d16/crtbegin.o
 .ARM.attributes
                0x00000052       0x39 Middlewares\FreeRTOS\tasks.o
 .ARM.attributes
                0x0000008b       0x39 Middlewares\FreeRTOS\port.o
 .ARM.attributes
                0x000000c4       0x39 Middlewares\FreeRTOS\list.o
 .ARM.attributes
                0x000000fd       0x39 Middlewares\FreeRTOS\heap_4.o
 .ARM.attributes
                0x00000136       0x39 Middlewares\FreeRTOS\cmsis_os.o
 .ARM.attributes
                0x0000016f       0x39 Drivers\STM32F4xx_HAL_Driver\stm32f4xx_hal_rcc.o
 .ARM.attributes
                0x000001a8       0x39 Drivers\STM32F4xx_HAL_Driver\stm32f4xx_hal_i2c.o
 .ARM.attributes
                0x000001e1       0x39 Drivers\STM32F4xx_HAL_Driver\stm32f4xx_hal_gpio.o
 .ARM.attributes
                0x0000021a       0x39 Drivers\STM32F4xx_HAL_Driver\stm32f4xx_hal_cortex.o
 .ARM.attributes
                0x00000253       0x39 Drivers\STM32F4xx_HAL_Driver\stm32f4xx_hal.o
 .ARM.attributes
                0x0000028c       0x39 Drivers\CMSIS\system_stm32f4xx.o
 .ARM.attributes
                0x000002c5       0x39 Application\User\stm32f4xx_it.o
 .ARM.attributes
                0x000002fe       0x39 Application\User\stm32f4xx_hal_msp.o
 .ARM.attributes
                0x00000337       0x39 Application\User\main.o
 .ARM.attributes
                0x00000370       0x21 Application\TrueSTUDIO\startup_stm32f407xx.o
 .ARM.attributes
                0x00000391       0x2e c:/program files/atollic/truestudio for arm lite 5.0.0/armtools/bin/../lib/gcc/arm-atollic-eabi/4.7.3/../../../../arm-atollic-eabi/lib/armv7e-m/fpv4-sp-d16\libc.a(lib_a-init.o)
 .ARM.attributes
                0x000003bf       0x2e c:/program files/atollic/truestudio for arm lite 5.0.0/armtools/bin/../lib/gcc/arm-atollic-eabi/4.7.3/../../../../arm-atollic-eabi/lib/armv7e-m/fpv4-sp-d16\libc.a(lib_a-memset.o)
 .ARM.attributes
                0x000003ed       0x24 c:/program files/atollic/truestudio for arm lite 5.0.0/armtools/bin/../lib/gcc/arm-atollic-eabi/4.7.3/armv7e-m/fpv4-sp-d16/crtn.o
OUTPUT(F4_i2c Configuration.elf elf32-littlearm)

.debug_info     0x00000000     0xb94d
 .debug_info    0x00000000     0x1ad9 Middlewares\FreeRTOS\tasks.o
 .debug_info    0x00001ad9      0x3eb Middlewares\FreeRTOS\port.o
 .debug_info    0x00001ec4      0x2a7 Middlewares\FreeRTOS\list.o
 .debug_info    0x0000216b      0x3c0 Middlewares\FreeRTOS\heap_4.o
 .debug_info    0x0000252b     0x1c24 Middlewares\FreeRTOS\cmsis_os.o
 .debug_info    0x0000414f     0x109d Drivers\STM32F4xx_HAL_Driver\stm32f4xx_hal_rcc.o
 .debug_info    0x000051ec     0x25ee Drivers\STM32F4xx_HAL_Driver\stm32f4xx_hal_i2c.o
 .debug_info    0x000077da      0x766 Drivers\STM32F4xx_HAL_Driver\stm32f4xx_hal_gpio.o
 .debug_info    0x00007f40      0xd5a Drivers\STM32F4xx_HAL_Driver\stm32f4xx_hal_cortex.o
 .debug_info    0x00008c9a      0x943 Drivers\STM32F4xx_HAL_Driver\stm32f4xx_hal.o
 .debug_info    0x000095dd      0x4fb Drivers\CMSIS\system_stm32f4xx.o
 .debug_info    0x00009ad8       0xd7 Application\User\stm32f4xx_it.o
 .debug_info    0x00009baf      0x967 Application\User\stm32f4xx_hal_msp.o
 .debug_info    0x0000a516     0x1366 Application\User\main.o
 .debug_info    0x0000b87c       0xd1 Application\TrueSTUDIO\startup_stm32f407xx.o

.debug_abbrev   0x00000000     0x1f92
 .debug_abbrev  0x00000000      0x3b7 Middlewares\FreeRTOS\tasks.o
 .debug_abbrev  0x000003b7      0x225 Middlewares\FreeRTOS\port.o
 .debug_abbrev  0x000005dc       0xf8 Middlewares\FreeRTOS\list.o
 .debug_abbrev  0x000006d4      0x240 Middlewares\FreeRTOS\heap_4.o
 .debug_abbrev  0x00000914      0x3e8 Middlewares\FreeRTOS\cmsis_os.o
 .debug_abbrev  0x00000cfc      0x335 Drivers\STM32F4xx_HAL_Driver\stm32f4xx_hal_rcc.o
 .debug_abbrev  0x00001031      0x2c1 Drivers\STM32F4xx_HAL_Driver\stm32f4xx_hal_i2c.o
 .debug_abbrev  0x000012f2      0x1e8 Drivers\STM32F4xx_HAL_Driver\stm32f4xx_hal_gpio.o
 .debug_abbrev  0x000014da      0x2d3 Drivers\STM32F4xx_HAL_Driver\stm32f4xx_hal_cortex.o
 .debug_abbrev  0x000017ad      0x1f6 Drivers\STM32F4xx_HAL_Driver\stm32f4xx_hal.o
 .debug_abbrev  0x000019a3      0x103 Drivers\CMSIS\system_stm32f4xx.o
 .debug_abbrev  0x00001aa6       0x95 Application\User\stm32f4xx_it.o
 .debug_abbrev  0x00001b3b      0x1a6 Application\User\stm32f4xx_hal_msp.o
 .debug_abbrev  0x00001ce1      0x29f Application\User\main.o
 .debug_abbrev  0x00001f80       0x12 Application\TrueSTUDIO\startup_stm32f407xx.o

.debug_loc      0x00000000     0x6648
 .debug_loc     0x00000000      0xf95 Middlewares\FreeRTOS\tasks.o
 .debug_loc     0x00000f95      0x1b1 Middlewares\FreeRTOS\port.o
 .debug_loc     0x00001146      0x12a Middlewares\FreeRTOS\list.o
 .debug_loc     0x00001270      0x356 Middlewares\FreeRTOS\heap_4.o
 .debug_loc     0x000015c6     0x1502 Middlewares\FreeRTOS\cmsis_os.o
 .debug_loc     0x00002ac8      0x8b1 Drivers\STM32F4xx_HAL_Driver\stm32f4xx_hal_rcc.o
 .debug_loc     0x00003379     0x2673 Drivers\STM32F4xx_HAL_Driver\stm32f4xx_hal_i2c.o
 .debug_loc     0x000059ec      0x3cd Drivers\STM32F4xx_HAL_Driver\stm32f4xx_hal_gpio.o
 .debug_loc     0x00005db9      0x535 Drivers\STM32F4xx_HAL_Driver\stm32f4xx_hal_cortex.o
 .debug_loc     0x000062ee       0xdc Drivers\STM32F4xx_HAL_Driver\stm32f4xx_hal.o
 .debug_loc     0x000063ca       0xde Drivers\CMSIS\system_stm32f4xx.o
 .debug_loc     0x000064a8       0x20 Application\User\stm32f4xx_it.o
 .debug_loc     0x000064c8       0x6d Application\User\stm32f4xx_hal_msp.o
 .debug_loc     0x00006535      0x113 Application\User\main.o

.debug_aranges  0x00000000      0x848
 .debug_aranges
                0x00000000      0x120 Middlewares\FreeRTOS\tasks.o
 .debug_aranges
                0x00000120       0x98 Middlewares\FreeRTOS\port.o
 .debug_aranges
                0x000001b8       0x40 Middlewares\FreeRTOS\list.o
 .debug_aranges
                0x000001f8       0x40 Middlewares\FreeRTOS\heap_4.o
 .debug_aranges
                0x00000238      0x180 Middlewares\FreeRTOS\cmsis_os.o
 .debug_aranges
                0x000003b8       0x88 Drivers\STM32F4xx_HAL_Driver\stm32f4xx_hal_rcc.o
 .debug_aranges
                0x00000440      0x190 Drivers\STM32F4xx_HAL_Driver\stm32f4xx_hal_i2c.o
 .debug_aranges
                0x000005d0       0x58 Drivers\STM32F4xx_HAL_Driver\stm32f4xx_hal_gpio.o
 .debug_aranges
                0x00000628       0x90 Drivers\STM32F4xx_HAL_Driver\stm32f4xx_hal_cortex.o
 .debug_aranges
                0x000006b8       0xc0 Drivers\STM32F4xx_HAL_Driver\stm32f4xx_hal.o
 .debug_aranges
                0x00000778       0x28 Drivers\CMSIS\system_stm32f4xx.o
 .debug_aranges
                0x000007a0       0x20 Application\User\stm32f4xx_it.o
 .debug_aranges
                0x000007c0       0x28 Application\User\stm32f4xx_hal_msp.o
 .debug_aranges
                0x000007e8       0x38 Application\User\main.o
 .debug_aranges
                0x00000820       0x28 Application\TrueSTUDIO\startup_stm32f407xx.o

.debug_ranges   0x00000000      0x9e8
 .debug_ranges  0x00000000      0x1a0 Middlewares\FreeRTOS\tasks.o
 .debug_ranges  0x000001a0       0x88 Middlewares\FreeRTOS\port.o
 .debug_ranges  0x00000228       0x30 Middlewares\FreeRTOS\list.o
 .debug_ranges  0x00000258       0x30 Middlewares\FreeRTOS\heap_4.o
 .debug_ranges  0x00000288      0x1e0 Middlewares\FreeRTOS\cmsis_os.o
 .debug_ranges  0x00000468      0x138 Drivers\STM32F4xx_HAL_Driver\stm32f4xx_hal_rcc.o
 .debug_ranges  0x000005a0      0x1b0 Drivers\STM32F4xx_HAL_Driver\stm32f4xx_hal_i2c.o
 .debug_ranges  0x00000750       0x48 Drivers\STM32F4xx_HAL_Driver\stm32f4xx_hal_gpio.o
 .debug_ranges  0x00000798      0x100 Drivers\STM32F4xx_HAL_Driver\stm32f4xx_hal_cortex.o
 .debug_ranges  0x00000898       0xb0 Drivers\STM32F4xx_HAL_Driver\stm32f4xx_hal.o
 .debug_ranges  0x00000948       0x18 Drivers\CMSIS\system_stm32f4xx.o
 .debug_ranges  0x00000960       0x10 Application\User\stm32f4xx_it.o
 .debug_ranges  0x00000970       0x18 Application\User\stm32f4xx_hal_msp.o
 .debug_ranges  0x00000988       0x40 Application\User\main.o
 .debug_ranges  0x000009c8       0x20 Application\TrueSTUDIO\startup_stm32f407xx.o

.debug_line     0x00000000     0x3fbf
 .debug_line    0x00000000      0x7aa Middlewares\FreeRTOS\tasks.o
 .debug_line    0x000007aa      0x316 Middlewares\FreeRTOS\port.o
 .debug_line    0x00000ac0      0x185 Middlewares\FreeRTOS\list.o
 .debug_line    0x00000c45      0x273 Middlewares\FreeRTOS\heap_4.o
 .debug_line    0x00000eb8      0x79a Middlewares\FreeRTOS\cmsis_os.o
 .debug_line    0x00001652      0x626 Drivers\STM32F4xx_HAL_Driver\stm32f4xx_hal_rcc.o
 .debug_line    0x00001c78      0xf34 Drivers\STM32F4xx_HAL_Driver\stm32f4xx_hal_i2c.o
 .debug_line    0x00002bac      0x38b Drivers\STM32F4xx_HAL_Driver\stm32f4xx_hal_gpio.o
 .debug_line    0x00002f37      0x33a Drivers\STM32F4xx_HAL_Driver\stm32f4xx_hal_cortex.o
 .debug_line    0x00003271      0x374 Drivers\STM32F4xx_HAL_Driver\stm32f4xx_hal.o
 .debug_line    0x000035e5      0x1cc Drivers\CMSIS\system_stm32f4xx.o
 .debug_line    0x000037b1      0x158 Application\User\stm32f4xx_it.o
 .debug_line    0x00003909      0x213 Application\User\stm32f4xx_hal_msp.o
 .debug_line    0x00003b1c      0x3ec Application\User\main.o
 .debug_line    0x00003f08       0xb7 Application\TrueSTUDIO\startup_stm32f407xx.o

.debug_str      0x00000000     0x3391
 .debug_str     0x00000000      0xb41 Middlewares\FreeRTOS\tasks.o
                                0xbb6 (size before relaxing)
 .debug_str     0x00000b41      0x1bc Middlewares\FreeRTOS\port.o
                                0x3eb (size before relaxing)
 .debug_str     0x00000cfd       0x7c Middlewares\FreeRTOS\list.o
                                0x29c (size before relaxing)
 .debug_str     0x00000d79      0x1ab Middlewares\FreeRTOS\heap_4.o
                                0x339 (size before relaxing)
 .debug_str     0x00000f24      0x84e Middlewares\FreeRTOS\cmsis_os.o
                                0xbfc (size before relaxing)
 .debug_str     0x00001772      0x4ed Drivers\STM32F4xx_HAL_Driver\stm32f4xx_hal_rcc.o
                                0x671 (size before relaxing)
 .debug_str     0x00001c5f      0xa8e Drivers\STM32F4xx_HAL_Driver\stm32f4xx_hal_i2c.o
                                0xc96 (size before relaxing)
 .debug_str     0x000026ed      0x16f Drivers\STM32F4xx_HAL_Driver\stm32f4xx_hal_gpio.o
                                0x488 (size before relaxing)
 .debug_str     0x0000285c      0x7f8 Drivers\STM32F4xx_HAL_Driver\stm32f4xx_hal_cortex.o
                                0xa8b (size before relaxing)
 .debug_str     0x00003054      0x1ca Drivers\STM32F4xx_HAL_Driver\stm32f4xx_hal.o
                                0xa21 (size before relaxing)
 .debug_str     0x0000321e       0x7d Drivers\CMSIS\system_stm32f4xx.o
                                0x34c (size before relaxing)
 .debug_str     0x0000329b       0x2f Application\User\stm32f4xx_it.o
                                0x18e (size before relaxing)
 .debug_str     0x000032ca       0x24 Application\User\stm32f4xx_hal_msp.o
                                0x806 (size before relaxing)
 .debug_str     0x000032ee       0xa3 Application\User\main.o
                               0x1143 (size before relaxing)

.comment        0x00000000       0x83
 .comment       0x00000000       0x83 Middlewares\FreeRTOS\tasks.o
                                 0x84 (size before relaxing)
 .comment       0x00000000       0x84 Middlewares\FreeRTOS\port.o
 .comment       0x00000000       0x84 Middlewares\FreeRTOS\list.o
 .comment       0x00000000       0x84 Middlewares\FreeRTOS\heap_4.o
 .comment       0x00000000       0x84 Middlewares\FreeRTOS\cmsis_os.o
 .comment       0x00000000       0x84 Drivers\STM32F4xx_HAL_Driver\stm32f4xx_hal_rcc.o
 .comment       0x00000000       0x84 Drivers\STM32F4xx_HAL_Driver\stm32f4xx_hal_i2c.o
 .comment       0x00000000       0x84 Drivers\STM32F4xx_HAL_Driver\stm32f4xx_hal_gpio.o
 .comment       0x00000000       0x84 Drivers\STM32F4xx_HAL_Driver\stm32f4xx_hal_cortex.o
 .comment       0x00000000       0x84 Drivers\STM32F4xx_HAL_Driver\stm32f4xx_hal.o
 .comment       0x00000000       0x84 Drivers\CMSIS\system_stm32f4xx.o
 .comment       0x00000000       0x84 Application\User\stm32f4xx_it.o
 .comment       0x00000000       0x84 Application\User\stm32f4xx_hal_msp.o
 .comment       0x00000000       0x84 Application\User\main.o

.debug_frame    0x00000000     0x14d0
 .debug_frame   0x00000000      0x354 Middlewares\FreeRTOS\tasks.o
 .debug_frame   0x00000354      0x13c Middlewares\FreeRTOS\port.o
 .debug_frame   0x00000490       0x6c Middlewares\FreeRTOS\list.o
 .debug_frame   0x000004fc       0x80 Middlewares\FreeRTOS\heap_4.o
 .debug_frame   0x0000057c      0x420 Middlewares\FreeRTOS\cmsis_os.o
 .debug_frame   0x0000099c      0x140 Drivers\STM32F4xx_HAL_Driver\stm32f4xx_hal_rcc.o
 .debug_frame   0x00000adc      0x524 Drivers\STM32F4xx_HAL_Driver\stm32f4xx_hal_i2c.o
 .debug_frame   0x00001000       0xbc Drivers\STM32F4xx_HAL_Driver\stm32f4xx_hal_gpio.o
 .debug_frame   0x000010bc      0x120 Drivers\STM32F4xx_HAL_Driver\stm32f4xx_hal_cortex.o
 .debug_frame   0x000011dc      0x184 Drivers\STM32F4xx_HAL_Driver\stm32f4xx_hal.o
 .debug_frame   0x00001360       0x30 Drivers\CMSIS\system_stm32f4xx.o
 .debug_frame   0x00001390       0x28 Application\User\stm32f4xx_it.o
 .debug_frame   0x000013b8       0x44 Application\User\stm32f4xx_hal_msp.o
 .debug_frame   0x000013fc       0x88 Application\User\main.o
 .debug_frame   0x00001484       0x2c c:/program files/atollic/truestudio for arm lite 5.0.0/armtools/bin/../lib/gcc/arm-atollic-eabi/4.7.3/../../../../arm-atollic-eabi/lib/armv7e-m/fpv4-sp-d16\libc.a(lib_a-init.o)
 .debug_frame   0x000014b0       0x20 c:/program files/atollic/truestudio for arm lite 5.0.0/armtools/bin/../lib/gcc/arm-atollic-eabi/4.7.3/../../../../arm-atollic-eabi/lib/armv7e-m/fpv4-sp-d16\libc.a(lib_a-memset.o)

Cross Reference Table

Symbol                                            File
ADC_IRQHandler                                    Application\TrueSTUDIO\startup_stm32f407xx.o
AHBPrescTable                                     Drivers\CMSIS\system_stm32f4xx.o
APBAHBPrescTable                                  Drivers\STM32F4xx_HAL_Driver\stm32f4xx_hal_rcc.o
BusFault_Handler                                  Application\TrueSTUDIO\startup_stm32f407xx.o
CAN1_RX0_IRQHandler                               Application\TrueSTUDIO\startup_stm32f407xx.o
CAN1_RX1_IRQHandler                               Application\TrueSTUDIO\startup_stm32f407xx.o
CAN1_SCE_IRQHandler                               Application\TrueSTUDIO\startup_stm32f407xx.o
CAN1_TX_IRQHandler                                Application\TrueSTUDIO\startup_stm32f407xx.o
CAN2_RX0_IRQHandler                               Application\TrueSTUDIO\startup_stm32f407xx.o
CAN2_RX1_IRQHandler                               Application\TrueSTUDIO\startup_stm32f407xx.o
CAN2_SCE_IRQHandler                               Application\TrueSTUDIO\startup_stm32f407xx.o
CAN2_TX_IRQHandler                                Application\TrueSTUDIO\startup_stm32f407xx.o
DCMI_IRQHandler                                   Application\TrueSTUDIO\startup_stm32f407xx.o
DMA1_Stream0_IRQHandler                           Application\TrueSTUDIO\startup_stm32f407xx.o
DMA1_Stream1_IRQHandler                           Application\TrueSTUDIO\startup_stm32f407xx.o
DMA1_Stream2_IRQHandler                           Application\TrueSTUDIO\startup_stm32f407xx.o
DMA1_Stream3_IRQHandler                           Application\TrueSTUDIO\startup_stm32f407xx.o
DMA1_Stream4_IRQHandler                           Application\TrueSTUDIO\startup_stm32f407xx.o
DMA1_Stream5_IRQHandler                           Application\TrueSTUDIO\startup_stm32f407xx.o
DMA1_Stream6_IRQHandler                           Application\TrueSTUDIO\startup_stm32f407xx.o
DMA1_Stream7_IRQHandler                           Application\TrueSTUDIO\startup_stm32f407xx.o
DMA2_Stream0_IRQHandler                           Application\TrueSTUDIO\startup_stm32f407xx.o
DMA2_Stream1_IRQHandler                           Application\TrueSTUDIO\startup_stm32f407xx.o
DMA2_Stream2_IRQHandler                           Application\TrueSTUDIO\startup_stm32f407xx.o
DMA2_Stream3_IRQHandler                           Application\TrueSTUDIO\startup_stm32f407xx.o
DMA2_Stream4_IRQHandler                           Application\TrueSTUDIO\startup_stm32f407xx.o
DMA2_Stream5_IRQHandler                           Application\TrueSTUDIO\startup_stm32f407xx.o
DMA2_Stream6_IRQHandler                           Application\TrueSTUDIO\startup_stm32f407xx.o
DMA2_Stream7_IRQHandler                           Application\TrueSTUDIO\startup_stm32f407xx.o
DebugMon_Handler                                  Application\TrueSTUDIO\startup_stm32f407xx.o
Default_Handler                                   Application\TrueSTUDIO\startup_stm32f407xx.o
ETH_IRQHandler                                    Application\TrueSTUDIO\startup_stm32f407xx.o
ETH_WKUP_IRQHandler                               Application\TrueSTUDIO\startup_stm32f407xx.o
EXTI0_IRQHandler                                  Application\TrueSTUDIO\startup_stm32f407xx.o
EXTI15_10_IRQHandler                              Application\TrueSTUDIO\startup_stm32f407xx.o
EXTI1_IRQHandler                                  Application\TrueSTUDIO\startup_stm32f407xx.o
EXTI2_IRQHandler                                  Application\TrueSTUDIO\startup_stm32f407xx.o
EXTI3_IRQHandler                                  Application\TrueSTUDIO\startup_stm32f407xx.o
EXTI4_IRQHandler                                  Application\TrueSTUDIO\startup_stm32f407xx.o
EXTI9_5_IRQHandler                                Application\TrueSTUDIO\startup_stm32f407xx.o
FLASH_Erase_Sector                                Drivers\STM32F4xx_HAL_Driver\stm32f4xx_hal_flash_ex.o
                                                  Drivers\STM32F4xx_HAL_Driver\stm32f4xx_hal_flash.o
FLASH_IRQHandler                                  Application\TrueSTUDIO\startup_stm32f407xx.o
FLASH_WaitForLastOperation                        Drivers\STM32F4xx_HAL_Driver\stm32f4xx_hal_flash.o
                                                  Drivers\STM32F4xx_HAL_Driver\stm32f4xx_hal_flash_ex.o
FPU_IRQHandler                                    Application\TrueSTUDIO\startup_stm32f407xx.o
FSMC_IRQHandler                                   Application\TrueSTUDIO\startup_stm32f407xx.o
HAL_DMAEx_ChangeMemory                            Drivers\STM32F4xx_HAL_Driver\stm32f4xx_hal_dma_ex.o
HAL_DMAEx_MultiBufferStart                        Drivers\STM32F4xx_HAL_Driver\stm32f4xx_hal_dma_ex.o
HAL_DMAEx_MultiBufferStart_IT                     Drivers\STM32F4xx_HAL_Driver\stm32f4xx_hal_dma_ex.o
HAL_DMA_Abort                                     Drivers\STM32F4xx_HAL_Driver\stm32f4xx_hal_dma.o
HAL_DMA_DeInit                                    Drivers\STM32F4xx_HAL_Driver\stm32f4xx_hal_dma.o
HAL_DMA_GetError                                  Drivers\STM32F4xx_HAL_Driver\stm32f4xx_hal_dma.o
HAL_DMA_GetState                                  Drivers\STM32F4xx_HAL_Driver\stm32f4xx_hal_dma.o
HAL_DMA_IRQHandler                                Drivers\STM32F4xx_HAL_Driver\stm32f4xx_hal_dma.o
HAL_DMA_Init                                      Drivers\STM32F4xx_HAL_Driver\stm32f4xx_hal_dma.o
HAL_DMA_PollForTransfer                           Drivers\STM32F4xx_HAL_Driver\stm32f4xx_hal_dma.o
HAL_DMA_Start                                     Drivers\STM32F4xx_HAL_Driver\stm32f4xx_hal_dma.o
HAL_DMA_Start_IT                                  Drivers\STM32F4xx_HAL_Driver\stm32f4xx_hal_dma.o
                                                  Drivers\STM32F4xx_HAL_Driver\stm32f4xx_hal_i2c.o
HAL_DeInit                                        Drivers\STM32F4xx_HAL_Driver\stm32f4xx_hal.o
HAL_Delay                                         Drivers\STM32F4xx_HAL_Driver\stm32f4xx_hal.o
HAL_DisableCompensationCell                       Drivers\STM32F4xx_HAL_Driver\stm32f4xx_hal.o
HAL_DisableDBGSleepMode                           Drivers\STM32F4xx_HAL_Driver\stm32f4xx_hal.o
HAL_DisableDBGStandbyMode                         Drivers\STM32F4xx_HAL_Driver\stm32f4xx_hal.o
HAL_DisableDBGStopMode                            Drivers\STM32F4xx_HAL_Driver\stm32f4xx_hal.o
HAL_EnableCompensationCell                        Drivers\STM32F4xx_HAL_Driver\stm32f4xx_hal.o
HAL_EnableDBGSleepMode                            Drivers\STM32F4xx_HAL_Driver\stm32f4xx_hal.o
HAL_EnableDBGStandbyMode                          Drivers\STM32F4xx_HAL_Driver\stm32f4xx_hal.o
HAL_EnableDBGStopMode                             Drivers\STM32F4xx_HAL_Driver\stm32f4xx_hal.o
HAL_FLASHEx_Erase                                 Drivers\STM32F4xx_HAL_Driver\stm32f4xx_hal_flash_ex.o
HAL_FLASHEx_Erase_IT                              Drivers\STM32F4xx_HAL_Driver\stm32f4xx_hal_flash_ex.o
HAL_FLASHEx_OBGetConfig                           Drivers\STM32F4xx_HAL_Driver\stm32f4xx_hal_flash_ex.o
HAL_FLASHEx_OBProgram                             Drivers\STM32F4xx_HAL_Driver\stm32f4xx_hal_flash_ex.o
HAL_FLASH_EndOfOperationCallback                  Drivers\STM32F4xx_HAL_Driver\stm32f4xx_hal_flash.o
HAL_FLASH_GetError                                Drivers\STM32F4xx_HAL_Driver\stm32f4xx_hal_flash.o
HAL_FLASH_IRQHandler                              Drivers\STM32F4xx_HAL_Driver\stm32f4xx_hal_flash.o
HAL_FLASH_Lock                                    Drivers\STM32F4xx_HAL_Driver\stm32f4xx_hal_flash.o
HAL_FLASH_OB_Launch                               Drivers\STM32F4xx_HAL_Driver\stm32f4xx_hal_flash.o
HAL_FLASH_OB_Lock                                 Drivers\STM32F4xx_HAL_Driver\stm32f4xx_hal_flash.o
HAL_FLASH_OB_Unlock                               Drivers\STM32F4xx_HAL_Driver\stm32f4xx_hal_flash.o
HAL_FLASH_OperationErrorCallback                  Drivers\STM32F4xx_HAL_Driver\stm32f4xx_hal_flash.o
HAL_FLASH_Program                                 Drivers\STM32F4xx_HAL_Driver\stm32f4xx_hal_flash.o
HAL_FLASH_Program_IT                              Drivers\STM32F4xx_HAL_Driver\stm32f4xx_hal_flash.o
HAL_FLASH_Unlock                                  Drivers\STM32F4xx_HAL_Driver\stm32f4xx_hal_flash.o
HAL_GPIO_DeInit                                   Drivers\STM32F4xx_HAL_Driver\stm32f4xx_hal_gpio.o
                                                  Application\User\stm32f4xx_hal_msp.o
HAL_GPIO_EXTI_Callback                            Drivers\STM32F4xx_HAL_Driver\stm32f4xx_hal_gpio.o
HAL_GPIO_EXTI_IRQHandler                          Drivers\STM32F4xx_HAL_Driver\stm32f4xx_hal_gpio.o
HAL_GPIO_Init                                     Drivers\STM32F4xx_HAL_Driver\stm32f4xx_hal_gpio.o
                                                  Application\User\main.o
                                                  Application\User\stm32f4xx_hal_msp.o
                                                  Drivers\STM32F4xx_HAL_Driver\stm32f4xx_hal_rcc.o
HAL_GPIO_LockPin                                  Drivers\STM32F4xx_HAL_Driver\stm32f4xx_hal_gpio.o
HAL_GPIO_ReadPin                                  Drivers\STM32F4xx_HAL_Driver\stm32f4xx_hal_gpio.o
HAL_GPIO_TogglePin                                Drivers\STM32F4xx_HAL_Driver\stm32f4xx_hal_gpio.o
HAL_GPIO_WritePin                                 Drivers\STM32F4xx_HAL_Driver\stm32f4xx_hal_gpio.o
HAL_GetDEVID                                      Drivers\STM32F4xx_HAL_Driver\stm32f4xx_hal.o
HAL_GetHalVersion                                 Drivers\STM32F4xx_HAL_Driver\stm32f4xx_hal.o
HAL_GetREVID                                      Drivers\STM32F4xx_HAL_Driver\stm32f4xx_hal.o
HAL_GetTick                                       Drivers\STM32F4xx_HAL_Driver\stm32f4xx_hal.o
                                                  Drivers\STM32F4xx_HAL_Driver\stm32f4xx_hal_dma.o
                                                  Drivers\STM32F4xx_HAL_Driver\stm32f4xx_hal_flash.o
                                                  Drivers\STM32F4xx_HAL_Driver\stm32f4xx_hal_i2c.o
                                                  Drivers\STM32F4xx_HAL_Driver\stm32f4xx_hal_pwr_ex.o
                                                  Drivers\STM32F4xx_HAL_Driver\stm32f4xx_hal_rcc.o
                                                  Drivers\STM32F4xx_HAL_Driver\stm32f4xx_hal_rcc_ex.o
HAL_I2C_DeInit                                    Drivers\STM32F4xx_HAL_Driver\stm32f4xx_hal_i2c.o
HAL_I2C_ER_IRQHandler                             Drivers\STM32F4xx_HAL_Driver\stm32f4xx_hal_i2c.o
HAL_I2C_EV_IRQHandler                             Drivers\STM32F4xx_HAL_Driver\stm32f4xx_hal_i2c.o
HAL_I2C_ErrorCallback                             Drivers\STM32F4xx_HAL_Driver\stm32f4xx_hal_i2c.o
HAL_I2C_GetError                                  Drivers\STM32F4xx_HAL_Driver\stm32f4xx_hal_i2c.o
HAL_I2C_GetState                                  Drivers\STM32F4xx_HAL_Driver\stm32f4xx_hal_i2c.o
HAL_I2C_Init                                      Drivers\STM32F4xx_HAL_Driver\stm32f4xx_hal_i2c.o
                                                  Application\User\main.o
HAL_I2C_IsDeviceReady                             Drivers\STM32F4xx_HAL_Driver\stm32f4xx_hal_i2c.o
HAL_I2C_MasterRxCpltCallback                      Drivers\STM32F4xx_HAL_Driver\stm32f4xx_hal_i2c.o
HAL_I2C_MasterTxCpltCallback                      Drivers\STM32F4xx_HAL_Driver\stm32f4xx_hal_i2c.o
HAL_I2C_Master_Receive                            Drivers\STM32F4xx_HAL_Driver\stm32f4xx_hal_i2c.o
HAL_I2C_Master_Receive_DMA                        Drivers\STM32F4xx_HAL_Driver\stm32f4xx_hal_i2c.o
HAL_I2C_Master_Receive_IT                         Drivers\STM32F4xx_HAL_Driver\stm32f4xx_hal_i2c.o
HAL_I2C_Master_Transmit                           Drivers\STM32F4xx_HAL_Driver\stm32f4xx_hal_i2c.o
                                                  Application\User\main.o
HAL_I2C_Master_Transmit_DMA                       Drivers\STM32F4xx_HAL_Driver\stm32f4xx_hal_i2c.o
HAL_I2C_Master_Transmit_IT                        Drivers\STM32F4xx_HAL_Driver\stm32f4xx_hal_i2c.o
HAL_I2C_MemRxCpltCallback                         Drivers\STM32F4xx_HAL_Driver\stm32f4xx_hal_i2c.o
HAL_I2C_MemTxCpltCallback                         Drivers\STM32F4xx_HAL_Driver\stm32f4xx_hal_i2c.o
HAL_I2C_Mem_Read                                  Drivers\STM32F4xx_HAL_Driver\stm32f4xx_hal_i2c.o
HAL_I2C_Mem_Read_DMA                              Drivers\STM32F4xx_HAL_Driver\stm32f4xx_hal_i2c.o
HAL_I2C_Mem_Read_IT                               Drivers\STM32F4xx_HAL_Driver\stm32f4xx_hal_i2c.o
HAL_I2C_Mem_Write                                 Drivers\STM32F4xx_HAL_Driver\stm32f4xx_hal_i2c.o
HAL_I2C_Mem_Write_DMA                             Drivers\STM32F4xx_HAL_Driver\stm32f4xx_hal_i2c.o
HAL_I2C_Mem_Write_IT                              Drivers\STM32F4xx_HAL_Driver\stm32f4xx_hal_i2c.o
HAL_I2C_MspDeInit                                 Application\User\stm32f4xx_hal_msp.o
                                                  Drivers\STM32F4xx_HAL_Driver\stm32f4xx_hal_i2c.o
HAL_I2C_MspInit                                   Application\User\stm32f4xx_hal_msp.o
                                                  Drivers\STM32F4xx_HAL_Driver\stm32f4xx_hal_i2c.o
HAL_I2C_SlaveRxCpltCallback                       Drivers\STM32F4xx_HAL_Driver\stm32f4xx_hal_i2c.o
HAL_I2C_SlaveTxCpltCallback                       Drivers\STM32F4xx_HAL_Driver\stm32f4xx_hal_i2c.o
HAL_I2C_Slave_Receive                             Drivers\STM32F4xx_HAL_Driver\stm32f4xx_hal_i2c.o
HAL_I2C_Slave_Receive_DMA                         Drivers\STM32F4xx_HAL_Driver\stm32f4xx_hal_i2c.o
HAL_I2C_Slave_Receive_IT                          Drivers\STM32F4xx_HAL_Driver\stm32f4xx_hal_i2c.o
HAL_I2C_Slave_Transmit                            Drivers\STM32F4xx_HAL_Driver\stm32f4xx_hal_i2c.o
HAL_I2C_Slave_Transmit_DMA                        Drivers\STM32F4xx_HAL_Driver\stm32f4xx_hal_i2c.o
HAL_I2C_Slave_Transmit_IT                         Drivers\STM32F4xx_HAL_Driver\stm32f4xx_hal_i2c.o
HAL_IncTick                                       Drivers\STM32F4xx_HAL_Driver\stm32f4xx_hal.o
                                                  Application\User\stm32f4xx_it.o
HAL_Init                                          Drivers\STM32F4xx_HAL_Driver\stm32f4xx_hal.o
                                                  Application\User\main.o
HAL_InitTick                                      Drivers\STM32F4xx_HAL_Driver\stm32f4xx_hal.o
                                                  Drivers\STM32F4xx_HAL_Driver\stm32f4xx_hal_rcc.o
HAL_MspDeInit                                     Drivers\STM32F4xx_HAL_Driver\stm32f4xx_hal.o
HAL_MspInit                                       Drivers\STM32F4xx_HAL_Driver\stm32f4xx_hal.o
HAL_NVIC_ClearPendingIRQ                          Drivers\STM32F4xx_HAL_Driver\stm32f4xx_hal_cortex.o
HAL_NVIC_DisableIRQ                               Drivers\STM32F4xx_HAL_Driver\stm32f4xx_hal_cortex.o
HAL_NVIC_EnableIRQ                                Drivers\STM32F4xx_HAL_Driver\stm32f4xx_hal_cortex.o
HAL_NVIC_GetActive                                Drivers\STM32F4xx_HAL_Driver\stm32f4xx_hal_cortex.o
HAL_NVIC_GetPendingIRQ                            Drivers\STM32F4xx_HAL_Driver\stm32f4xx_hal_cortex.o
HAL_NVIC_GetPriority                              Drivers\STM32F4xx_HAL_Driver\stm32f4xx_hal_cortex.o
HAL_NVIC_GetPriorityGrouping                      Drivers\STM32F4xx_HAL_Driver\stm32f4xx_hal_cortex.o
HAL_NVIC_SetPendingIRQ                            Drivers\STM32F4xx_HAL_Driver\stm32f4xx_hal_cortex.o
HAL_NVIC_SetPriority                              Drivers\STM32F4xx_HAL_Driver\stm32f4xx_hal_cortex.o
                                                  Application\User\main.o
                                                  Drivers\STM32F4xx_HAL_Driver\stm32f4xx_hal.o
HAL_NVIC_SetPriorityGrouping                      Drivers\STM32F4xx_HAL_Driver\stm32f4xx_hal_cortex.o
                                                  Application\User\main.o
                                                  Drivers\STM32F4xx_HAL_Driver\stm32f4xx_hal.o
HAL_NVIC_SystemReset                              Drivers\STM32F4xx_HAL_Driver\stm32f4xx_hal_cortex.o
HAL_PWREx_DisableBkUpReg                          Drivers\STM32F4xx_HAL_Driver\stm32f4xx_hal_pwr_ex.o
HAL_PWREx_DisableFlashPowerDown                   Drivers\STM32F4xx_HAL_Driver\stm32f4xx_hal_pwr_ex.o
HAL_PWREx_EnableBkUpReg                           Drivers\STM32F4xx_HAL_Driver\stm32f4xx_hal_pwr_ex.o
HAL_PWREx_EnableFlashPowerDown                    Drivers\STM32F4xx_HAL_Driver\stm32f4xx_hal_pwr_ex.o
HAL_PWR_DeInit                                    Drivers\STM32F4xx_HAL_Driver\stm32f4xx_hal_pwr.o
HAL_PWR_DisableBkUpAccess                         Drivers\STM32F4xx_HAL_Driver\stm32f4xx_hal_pwr.o
HAL_PWR_DisablePVD                                Drivers\STM32F4xx_HAL_Driver\stm32f4xx_hal_pwr.o
HAL_PWR_DisableWakeUpPin                          Drivers\STM32F4xx_HAL_Driver\stm32f4xx_hal_pwr.o
HAL_PWR_EnableBkUpAccess                          Drivers\STM32F4xx_HAL_Driver\stm32f4xx_hal_pwr.o
HAL_PWR_EnablePVD                                 Drivers\STM32F4xx_HAL_Driver\stm32f4xx_hal_pwr.o
HAL_PWR_EnableWakeUpPin                           Drivers\STM32F4xx_HAL_Driver\stm32f4xx_hal_pwr.o
HAL_PWR_EnterSLEEPMode                            Drivers\STM32F4xx_HAL_Driver\stm32f4xx_hal_pwr.o
HAL_PWR_EnterSTANDBYMode                          Drivers\STM32F4xx_HAL_Driver\stm32f4xx_hal_pwr.o
HAL_PWR_EnterSTOPMode                             Drivers\STM32F4xx_HAL_Driver\stm32f4xx_hal_pwr.o
HAL_PWR_PVDCallback                               Drivers\STM32F4xx_HAL_Driver\stm32f4xx_hal_pwr.o
HAL_PWR_PVDConfig                                 Drivers\STM32F4xx_HAL_Driver\stm32f4xx_hal_pwr.o
HAL_PWR_PVD_IRQHandler                            Drivers\STM32F4xx_HAL_Driver\stm32f4xx_hal_pwr.o
HAL_RCCEx_GetPeriphCLKConfig                      Drivers\STM32F4xx_HAL_Driver\stm32f4xx_hal_rcc_ex.o
HAL_RCCEx_PeriphCLKConfig                         Drivers\STM32F4xx_HAL_Driver\stm32f4xx_hal_rcc_ex.o
HAL_RCC_CCSCallback                               Drivers\STM32F4xx_HAL_Driver\stm32f4xx_hal_rcc.o
HAL_RCC_ClockConfig                               Drivers\STM32F4xx_HAL_Driver\stm32f4xx_hal_rcc.o
                                                  Application\User\main.o
HAL_RCC_DeInit                                    Drivers\STM32F4xx_HAL_Driver\stm32f4xx_hal_rcc.o
HAL_RCC_DisableCSS                                Drivers\STM32F4xx_HAL_Driver\stm32f4xx_hal_rcc.o
HAL_RCC_EnableCSS                                 Drivers\STM32F4xx_HAL_Driver\stm32f4xx_hal_rcc.o
HAL_RCC_GetClockConfig                            Drivers\STM32F4xx_HAL_Driver\stm32f4xx_hal_rcc.o
HAL_RCC_GetHCLKFreq                               Drivers\STM32F4xx_HAL_Driver\stm32f4xx_hal_rcc.o
                                                  Drivers\STM32F4xx_HAL_Driver\stm32f4xx_hal.o
HAL_RCC_GetOscConfig                              Drivers\STM32F4xx_HAL_Driver\stm32f4xx_hal_rcc.o
HAL_RCC_GetPCLK1Freq                              Drivers\STM32F4xx_HAL_Driver\stm32f4xx_hal_rcc.o
                                                  Drivers\STM32F4xx_HAL_Driver\stm32f4xx_hal_i2c.o
HAL_RCC_GetPCLK2Freq                              Drivers\STM32F4xx_HAL_Driver\stm32f4xx_hal_rcc.o
HAL_RCC_GetSysClockFreq                           Drivers\STM32F4xx_HAL_Driver\stm32f4xx_hal_rcc.o
HAL_RCC_MCOConfig                                 Drivers\STM32F4xx_HAL_Driver\stm32f4xx_hal_rcc.o
HAL_RCC_NMI_IRQHandler                            Drivers\STM32F4xx_HAL_Driver\stm32f4xx_hal_rcc.o
HAL_RCC_OscConfig                                 Drivers\STM32F4xx_HAL_Driver\stm32f4xx_hal_rcc.o
                                                  Application\User\main.o
HAL_ResumeTick                                    Drivers\STM32F4xx_HAL_Driver\stm32f4xx_hal.o
HAL_SYSTICK_CLKSourceConfig                       Drivers\STM32F4xx_HAL_Driver\stm32f4xx_hal_cortex.o
HAL_SYSTICK_Callback                              Drivers\STM32F4xx_HAL_Driver\stm32f4xx_hal_cortex.o
HAL_SYSTICK_Config                                Drivers\STM32F4xx_HAL_Driver\stm32f4xx_hal_cortex.o
                                                  Drivers\STM32F4xx_HAL_Driver\stm32f4xx_hal.o
HAL_SYSTICK_IRQHandler                            Drivers\STM32F4xx_HAL_Driver\stm32f4xx_hal_cortex.o
HAL_SuspendTick                                   Drivers\STM32F4xx_HAL_Driver\stm32f4xx_hal.o
HASH_RNG_IRQHandler                               Application\TrueSTUDIO\startup_stm32f407xx.o
HardFault_Handler                                 Application\TrueSTUDIO\startup_stm32f407xx.o
I2C1_ER_IRQHandler                                Application\TrueSTUDIO\startup_stm32f407xx.o
I2C1_EV_IRQHandler                                Application\TrueSTUDIO\startup_stm32f407xx.o
I2C2_ER_IRQHandler                                Application\TrueSTUDIO\startup_stm32f407xx.o
I2C2_EV_IRQHandler                                Application\TrueSTUDIO\startup_stm32f407xx.o
I2C3_ER_IRQHandler                                Application\TrueSTUDIO\startup_stm32f407xx.o
I2C3_EV_IRQHandler                                Application\TrueSTUDIO\startup_stm32f407xx.o
MemManage_Handler                                 Application\TrueSTUDIO\startup_stm32f407xx.o
NMI_Handler                                       Application\TrueSTUDIO\startup_stm32f407xx.o
OTG_FS_IRQHandler                                 Application\TrueSTUDIO\startup_stm32f407xx.o
OTG_FS_WKUP_IRQHandler                            Application\TrueSTUDIO\startup_stm32f407xx.o
OTG_HS_EP1_IN_IRQHandler                          Application\TrueSTUDIO\startup_stm32f407xx.o
OTG_HS_EP1_OUT_IRQHandler                         Application\TrueSTUDIO\startup_stm32f407xx.o
OTG_HS_IRQHandler                                 Application\TrueSTUDIO\startup_stm32f407xx.o
OTG_HS_WKUP_IRQHandler                            Application\TrueSTUDIO\startup_stm32f407xx.o
PVD_IRQHandler                                    Application\TrueSTUDIO\startup_stm32f407xx.o
PendSV_Handler                                    Middlewares\FreeRTOS\port.o
RCC_IRQHandler                                    Application\TrueSTUDIO\startup_stm32f407xx.o
RTC_Alarm_IRQHandler                              Application\TrueSTUDIO\startup_stm32f407xx.o
RTC_WKUP_IRQHandler                               Application\TrueSTUDIO\startup_stm32f407xx.o
Reset_Handler                                     Application\TrueSTUDIO\startup_stm32f407xx.o
SDIO_IRQHandler                                   Application\TrueSTUDIO\startup_stm32f407xx.o
SPI1_IRQHandler                                   Application\TrueSTUDIO\startup_stm32f407xx.o
SPI2_IRQHandler                                   Application\TrueSTUDIO\startup_stm32f407xx.o
SPI3_IRQHandler                                   Application\TrueSTUDIO\startup_stm32f407xx.o
SVC_Handler                                       Middlewares\FreeRTOS\port.o
SysTick_Handler                                   Application\User\stm32f4xx_it.o
SystemClock_Config                                Application\User\main.o
SystemCoreClock                                   Drivers\CMSIS\system_stm32f4xx.o
                                                  Drivers\STM32F4xx_HAL_Driver\stm32f4xx_hal_rcc.o
                                                  Middlewares\FreeRTOS\port.o
SystemCoreClockUpdate                             Drivers\CMSIS\system_stm32f4xx.o
SystemInit                                        Drivers\CMSIS\system_stm32f4xx.o
                                                  Application\TrueSTUDIO\startup_stm32f407xx.o
TAMP_STAMP_IRQHandler                             Application\TrueSTUDIO\startup_stm32f407xx.o
TIM1_BRK_TIM9_IRQHandler                          Application\TrueSTUDIO\startup_stm32f407xx.o
TIM1_CC_IRQHandler                                Application\TrueSTUDIO\startup_stm32f407xx.o
TIM1_TRG_COM_TIM11_IRQHandler                     Application\TrueSTUDIO\startup_stm32f407xx.o
TIM1_UP_TIM10_IRQHandler                          Application\TrueSTUDIO\startup_stm32f407xx.o
TIM2_IRQHandler                                   Application\TrueSTUDIO\startup_stm32f407xx.o
TIM3_IRQHandler                                   Application\TrueSTUDIO\startup_stm32f407xx.o
TIM4_IRQHandler                                   Application\TrueSTUDIO\startup_stm32f407xx.o
TIM5_IRQHandler                                   Application\TrueSTUDIO\startup_stm32f407xx.o
TIM6_DAC_IRQHandler                               Application\TrueSTUDIO\startup_stm32f407xx.o
TIM7_IRQHandler                                   Application\TrueSTUDIO\startup_stm32f407xx.o
TIM8_BRK_TIM12_IRQHandler                         Application\TrueSTUDIO\startup_stm32f407xx.o
TIM8_CC_IRQHandler                                Application\TrueSTUDIO\startup_stm32f407xx.o
TIM8_TRG_COM_TIM14_IRQHandler                     Application\TrueSTUDIO\startup_stm32f407xx.o
TIM8_UP_TIM13_IRQHandler                          Application\TrueSTUDIO\startup_stm32f407xx.o
UART4_IRQHandler                                  Application\TrueSTUDIO\startup_stm32f407xx.o
UART5_IRQHandler                                  Application\TrueSTUDIO\startup_stm32f407xx.o
USART1_IRQHandler                                 Application\TrueSTUDIO\startup_stm32f407xx.o
USART2_IRQHandler                                 Application\TrueSTUDIO\startup_stm32f407xx.o
USART3_IRQHandler                                 Application\TrueSTUDIO\startup_stm32f407xx.o
USART6_IRQHandler                                 Application\TrueSTUDIO\startup_stm32f407xx.o
UsageFault_Handler                                Application\TrueSTUDIO\startup_stm32f407xx.o
WWDG_IRQHandler                                   Application\TrueSTUDIO\startup_stm32f407xx.o
_Jv_RegisterClasses                               c:/program files/atollic/truestudio for arm lite 5.0.0/armtools/bin/../lib/gcc/arm-atollic-eabi/4.7.3/armv7e-m/fpv4-sp-d16/crtbegin.o
__deregister_frame_info                           c:/program files/atollic/truestudio for arm lite 5.0.0/armtools/bin/../lib/gcc/arm-atollic-eabi/4.7.3/armv7e-m/fpv4-sp-d16/crtbegin.o
__dso_handle                                      c:/program files/atollic/truestudio for arm lite 5.0.0/armtools/bin/../lib/gcc/arm-atollic-eabi/4.7.3/armv7e-m/fpv4-sp-d16/crtbegin.o
__init_array_end                                  c:/program files/atollic/truestudio for arm lite 5.0.0/armtools/bin/../lib/gcc/arm-atollic-eabi/4.7.3/../../../../arm-atollic-eabi/lib/armv7e-m/fpv4-sp-d16\libc.a(lib_a-init.o)
__init_array_start                                c:/program files/atollic/truestudio for arm lite 5.0.0/armtools/bin/../lib/gcc/arm-atollic-eabi/4.7.3/../../../../arm-atollic-eabi/lib/armv7e-m/fpv4-sp-d16\libc.a(lib_a-init.o)
__libc_init_array                                 c:/program files/atollic/truestudio for arm lite 5.0.0/armtools/bin/../lib/gcc/arm-atollic-eabi/4.7.3/../../../../arm-atollic-eabi/lib/armv7e-m/fpv4-sp-d16\libc.a(lib_a-init.o)
                                                  Application\TrueSTUDIO\startup_stm32f407xx.o
__preinit_array_end                               c:/program files/atollic/truestudio for arm lite 5.0.0/armtools/bin/../lib/gcc/arm-atollic-eabi/4.7.3/../../../../arm-atollic-eabi/lib/armv7e-m/fpv4-sp-d16\libc.a(lib_a-init.o)
__preinit_array_start                             c:/program files/atollic/truestudio for arm lite 5.0.0/armtools/bin/../lib/gcc/arm-atollic-eabi/4.7.3/../../../../arm-atollic-eabi/lib/armv7e-m/fpv4-sp-d16\libc.a(lib_a-init.o)
__register_frame_info                             c:/program files/atollic/truestudio for arm lite 5.0.0/armtools/bin/../lib/gcc/arm-atollic-eabi/4.7.3/armv7e-m/fpv4-sp-d16/crtbegin.o
_ebss                                             Application\TrueSTUDIO\startup_stm32f407xx.o
_edata                                            Application\TrueSTUDIO\startup_stm32f407xx.o
_estack                                           Application\TrueSTUDIO\startup_stm32f407xx.o
_fini                                             c:/program files/atollic/truestudio for arm lite 5.0.0/armtools/bin/../lib/gcc/arm-atollic-eabi/4.7.3/armv7e-m/fpv4-sp-d16/crti.o
_init                                             c:/program files/atollic/truestudio for arm lite 5.0.0/armtools/bin/../lib/gcc/arm-atollic-eabi/4.7.3/armv7e-m/fpv4-sp-d16/crti.o
                                                  c:/program files/atollic/truestudio for arm lite 5.0.0/armtools/bin/../lib/gcc/arm-atollic-eabi/4.7.3/../../../../arm-atollic-eabi/lib/armv7e-m/fpv4-sp-d16\libc.a(lib_a-init.o)
_sbss                                             Application\TrueSTUDIO\startup_stm32f407xx.o
_sdata                                            Application\TrueSTUDIO\startup_stm32f407xx.o
_sidata                                           Application\TrueSTUDIO\startup_stm32f407xx.o
g_pfnVectors                                      Application\TrueSTUDIO\startup_stm32f407xx.o
hi2c1                                             Application\User\main.o
main                                              Application\User\main.o
                                                  Application\TrueSTUDIO\startup_stm32f407xx.o
memcpy                                            c:/program files/atollic/truestudio for arm lite 5.0.0/armtools/bin/../lib/gcc/arm-atollic-eabi/4.7.3/../../../../arm-atollic-eabi/lib/armv7e-m/fpv4-sp-d16\libc.a(lib_a-memcpy.o)
                                                  Middlewares\FreeRTOS\queue.o
memset                                            c:/program files/atollic/truestudio for arm lite 5.0.0/armtools/bin/../lib/gcc/arm-atollic-eabi/4.7.3/../../../../arm-atollic-eabi/lib/armv7e-m/fpv4-sp-d16\libc.a(lib_a-memset.o)
                                                  Middlewares\FreeRTOS\cmsis_os.o
                                                  Middlewares\FreeRTOS\tasks.o
osDelay                                           Middlewares\FreeRTOS\cmsis_os.o
                                                  Application\User\main.o
osDelayUntil                                      Middlewares\FreeRTOS\cmsis_os.o
osKernelRunning                                   Middlewares\FreeRTOS\cmsis_os.o
osKernelStart                                     Middlewares\FreeRTOS\cmsis_os.o
                                                  Application\User\main.o
osKernelSysTick                                   Middlewares\FreeRTOS\cmsis_os.o
osMailAlloc                                       Middlewares\FreeRTOS\cmsis_os.o
osMailCAlloc                                      Middlewares\FreeRTOS\cmsis_os.o
osMailCreate                                      Middlewares\FreeRTOS\cmsis_os.o
osMailFree                                        Middlewares\FreeRTOS\cmsis_os.o
osMailGet                                         Middlewares\FreeRTOS\cmsis_os.o
osMailPut                                         Middlewares\FreeRTOS\cmsis_os.o
osMessageCreate                                   Middlewares\FreeRTOS\cmsis_os.o
osMessageGet                                      Middlewares\FreeRTOS\cmsis_os.o
osMessagePeek                                     Middlewares\FreeRTOS\cmsis_os.o
osMessagePut                                      Middlewares\FreeRTOS\cmsis_os.o
osMutexCreate                                     Middlewares\FreeRTOS\cmsis_os.o
osMutexDelete                                     Middlewares\FreeRTOS\cmsis_os.o
osMutexRelease                                    Middlewares\FreeRTOS\cmsis_os.o
osMutexWait                                       Middlewares\FreeRTOS\cmsis_os.o
osPoolAlloc                                       Middlewares\FreeRTOS\cmsis_os.o
osPoolCAlloc                                      Middlewares\FreeRTOS\cmsis_os.o
osPoolCreate                                      Middlewares\FreeRTOS\cmsis_os.o
osPoolFree                                        Middlewares\FreeRTOS\cmsis_os.o
osRecursiveMutexCreate                            Middlewares\FreeRTOS\cmsis_os.o
osRecursiveMutexRelease                           Middlewares\FreeRTOS\cmsis_os.o
osRecursiveMutexWait                              Middlewares\FreeRTOS\cmsis_os.o
osSemaphoreCreate                                 Middlewares\FreeRTOS\cmsis_os.o
osSemaphoreDelete                                 Middlewares\FreeRTOS\cmsis_os.o
osSemaphoreRelease                                Middlewares\FreeRTOS\cmsis_os.o
osSemaphoreWait                                   Middlewares\FreeRTOS\cmsis_os.o
osThreadCreate                                    Middlewares\FreeRTOS\cmsis_os.o
                                                  Application\User\main.o
osThreadGetId                                     Middlewares\FreeRTOS\cmsis_os.o
osThreadGetPriority                               Middlewares\FreeRTOS\cmsis_os.o
osThreadIsSuspended                               Middlewares\FreeRTOS\cmsis_os.o
osThreadList                                      Middlewares\FreeRTOS\cmsis_os.o
osThreadResume                                    Middlewares\FreeRTOS\cmsis_os.o
osThreadResumeAll                                 Middlewares\FreeRTOS\cmsis_os.o
osThreadSetPriority                               Middlewares\FreeRTOS\cmsis_os.o
osThreadSuspend                                   Middlewares\FreeRTOS\cmsis_os.o
osThreadSuspendAll                                Middlewares\FreeRTOS\cmsis_os.o
osThreadTerminate                                 Middlewares\FreeRTOS\cmsis_os.o
osThreadYield                                     Middlewares\FreeRTOS\cmsis_os.o
osTimerCreate                                     Middlewares\FreeRTOS\cmsis_os.o
osTimerStart                                      Middlewares\FreeRTOS\cmsis_os.o
osTimerStop                                       Middlewares\FreeRTOS\cmsis_os.o
pFlash                                            Drivers\STM32F4xx_HAL_Driver\stm32f4xx_hal_flash.o
                                                  Drivers\STM32F4xx_HAL_Driver\stm32f4xx_hal_flash_ex.o
pvPortMalloc                                      Middlewares\FreeRTOS\heap_4.o
                                                  Middlewares\FreeRTOS\cmsis_os.o
                                                  Middlewares\FreeRTOS\croutine.o
                                                  Middlewares\FreeRTOS\queue.o
                                                  Middlewares\FreeRTOS\tasks.o
pxCurrentCoRoutine                                Middlewares\FreeRTOS\croutine.o
pxCurrentTCB                                      Middlewares\FreeRTOS\tasks.o
                                                  Middlewares\FreeRTOS\port.o
pxPortInitialiseStack                             Middlewares\FreeRTOS\port.o
                                                  Middlewares\FreeRTOS\tasks.o
ucQueueGetQueueNumber                             Middlewares\FreeRTOS\queue.o
ucQueueGetQueueType                               Middlewares\FreeRTOS\queue.o
ulPortSetInterruptMask                            Middlewares\FreeRTOS\port.o
                                                  Middlewares\FreeRTOS\cmsis_os.o
                                                  Middlewares\FreeRTOS\croutine.o
                                                  Middlewares\FreeRTOS\heap_4.o
                                                  Middlewares\FreeRTOS\queue.o
                                                  Middlewares\FreeRTOS\tasks.o
uxListRemove                                      Middlewares\FreeRTOS\list.o
                                                  Middlewares\FreeRTOS\croutine.o
                                                  Middlewares\FreeRTOS\tasks.o
uxQueueMessagesWaiting                            Middlewares\FreeRTOS\queue.o
uxQueueMessagesWaitingFromISR                     Middlewares\FreeRTOS\queue.o
uxQueueSpacesAvailable                            Middlewares\FreeRTOS\queue.o
uxTaskGetNumberOfTasks                            Middlewares\FreeRTOS\tasks.o
uxTaskGetSystemState                              Middlewares\FreeRTOS\tasks.o
uxTaskGetTaskNumber                               Middlewares\FreeRTOS\tasks.o
uxTaskPriorityGet                                 Middlewares\FreeRTOS\tasks.o
vCoRoutineAddToDelayedList                        Middlewares\FreeRTOS\croutine.o
vCoRoutineSchedule                                Middlewares\FreeRTOS\croutine.o
vListInitialise                                   Middlewares\FreeRTOS\list.o
                                                  Middlewares\FreeRTOS\croutine.o
                                                  Middlewares\FreeRTOS\queue.o
                                                  Middlewares\FreeRTOS\tasks.o
vListInitialiseItem                               Middlewares\FreeRTOS\list.o
                                                  Middlewares\FreeRTOS\croutine.o
                                                  Middlewares\FreeRTOS\tasks.o
vListInsert                                       Middlewares\FreeRTOS\list.o
                                                  Middlewares\FreeRTOS\croutine.o
                                                  Middlewares\FreeRTOS\tasks.o
vListInsertEnd                                    Middlewares\FreeRTOS\list.o
                                                  Middlewares\FreeRTOS\croutine.o
                                                  Middlewares\FreeRTOS\tasks.o
vPortClearInterruptMask                           Middlewares\FreeRTOS\port.o
                                                  Middlewares\FreeRTOS\cmsis_os.o
                                                  Middlewares\FreeRTOS\croutine.o
                                                  Middlewares\FreeRTOS\queue.o
                                                  Middlewares\FreeRTOS\tasks.o
vPortEndScheduler                                 Middlewares\FreeRTOS\port.o
                                                  Middlewares\FreeRTOS\tasks.o
vPortEnterCritical                                Middlewares\FreeRTOS\port.o
                                                  Middlewares\FreeRTOS\cmsis_os.o
                                                  Middlewares\FreeRTOS\queue.o
                                                  Middlewares\FreeRTOS\tasks.o
vPortExitCritical                                 Middlewares\FreeRTOS\port.o
                                                  Middlewares\FreeRTOS\cmsis_os.o
                                                  Middlewares\FreeRTOS\queue.o
                                                  Middlewares\FreeRTOS\tasks.o
vPortFree                                         Middlewares\FreeRTOS\heap_4.o
                                                  Middlewares\FreeRTOS\cmsis_os.o
                                                  Middlewares\FreeRTOS\queue.o
                                                  Middlewares\FreeRTOS\tasks.o
vPortInitialiseBlocks                             Middlewares\FreeRTOS\heap_4.o
vPortSetupTimerInterrupt                          Middlewares\FreeRTOS\port.o
vPortValidateInterruptPriority                    Middlewares\FreeRTOS\port.o
                                                  Middlewares\FreeRTOS\queue.o
                                                  Middlewares\FreeRTOS\tasks.o
vPortYield                                        Middlewares\FreeRTOS\port.o
                                                  Middlewares\FreeRTOS\cmsis_os.o
                                                  Middlewares\FreeRTOS\queue.o
                                                  Middlewares\FreeRTOS\tasks.o
vQueueAddToRegistry                               Middlewares\FreeRTOS\queue.o
vQueueDelete                                      Middlewares\FreeRTOS\queue.o
                                                  Middlewares\FreeRTOS\cmsis_os.o
vQueueSetQueueNumber                              Middlewares\FreeRTOS\queue.o
vQueueUnregisterQueue                             Middlewares\FreeRTOS\queue.o
vTaskDelay                                        Middlewares\FreeRTOS\tasks.o
                                                  Middlewares\FreeRTOS\cmsis_os.o
vTaskDelete                                       Middlewares\FreeRTOS\tasks.o
                                                  Middlewares\FreeRTOS\cmsis_os.o
vTaskEndScheduler                                 Middlewares\FreeRTOS\tasks.o
vTaskMissedYield                                  Middlewares\FreeRTOS\tasks.o
                                                  Middlewares\FreeRTOS\queue.o
vTaskPlaceOnEventList                             Middlewares\FreeRTOS\tasks.o
                                                  Middlewares\FreeRTOS\queue.o
vTaskPriorityDisinherit                           Middlewares\FreeRTOS\tasks.o
                                                  Middlewares\FreeRTOS\queue.o
vTaskPriorityInherit                              Middlewares\FreeRTOS\tasks.o
                                                  Middlewares\FreeRTOS\queue.o
vTaskPrioritySet                                  Middlewares\FreeRTOS\tasks.o
                                                  Middlewares\FreeRTOS\cmsis_os.o
vTaskResume                                       Middlewares\FreeRTOS\tasks.o
                                                  Middlewares\FreeRTOS\cmsis_os.o
vTaskSetTaskNumber                                Middlewares\FreeRTOS\tasks.o
vTaskSetTimeOutState                              Middlewares\FreeRTOS\tasks.o
                                                  Middlewares\FreeRTOS\queue.o
vTaskStartScheduler                               Middlewares\FreeRTOS\tasks.o
                                                  Middlewares\FreeRTOS\cmsis_os.o
vTaskSuspend                                      Middlewares\FreeRTOS\tasks.o
                                                  Middlewares\FreeRTOS\cmsis_os.o
vTaskSuspendAll                                   Middlewares\FreeRTOS\tasks.o
                                                  Middlewares\FreeRTOS\cmsis_os.o
                                                  Middlewares\FreeRTOS\heap_4.o
                                                  Middlewares\FreeRTOS\queue.o
vTaskSwitchContext                                Middlewares\FreeRTOS\tasks.o
                                                  Middlewares\FreeRTOS\port.o
xCoRoutineCreate                                  Middlewares\FreeRTOS\croutine.o
xCoRoutineRemoveFromEventList                     Middlewares\FreeRTOS\croutine.o
xPortGetFreeHeapSize                              Middlewares\FreeRTOS\heap_4.o
xPortStartScheduler                               Middlewares\FreeRTOS\port.o
                                                  Middlewares\FreeRTOS\tasks.o
xPortSysTickHandler                               Middlewares\FreeRTOS\port.o
                                                  Application\User\stm32f4xx_it.o
xQueueCreateCountingSemaphore                     Middlewares\FreeRTOS\queue.o
                                                  Middlewares\FreeRTOS\cmsis_os.o
xQueueCreateMutex                                 Middlewares\FreeRTOS\queue.o
                                                  Middlewares\FreeRTOS\cmsis_os.o
xQueueGenericCreate                               Middlewares\FreeRTOS\queue.o
                                                  Middlewares\FreeRTOS\cmsis_os.o
xQueueGenericReceive                              Middlewares\FreeRTOS\queue.o
                                                  Middlewares\FreeRTOS\cmsis_os.o
xQueueGenericReset                                Middlewares\FreeRTOS\queue.o
xQueueGenericSend                                 Middlewares\FreeRTOS\queue.o
                                                  Middlewares\FreeRTOS\cmsis_os.o
xQueueGenericSendFromISR                          Middlewares\FreeRTOS\queue.o
                                                  Middlewares\FreeRTOS\cmsis_os.o
xQueueGiveMutexRecursive                          Middlewares\FreeRTOS\queue.o
                                                  Middlewares\FreeRTOS\cmsis_os.o
xQueueIsQueueEmptyFromISR                         Middlewares\FreeRTOS\queue.o
xQueueIsQueueFullFromISR                          Middlewares\FreeRTOS\queue.o
xQueuePeekFromISR                                 Middlewares\FreeRTOS\queue.o
xQueueReceiveFromISR                              Middlewares\FreeRTOS\queue.o
                                                  Middlewares\FreeRTOS\cmsis_os.o
xQueueRegistry                                    Middlewares\FreeRTOS\queue.o
xQueueTakeMutexRecursive                          Middlewares\FreeRTOS\queue.o
                                                  Middlewares\FreeRTOS\cmsis_os.o
xTaskCheckForTimeOut                              Middlewares\FreeRTOS\tasks.o
                                                  Middlewares\FreeRTOS\queue.o
xTaskGenericCreate                                Middlewares\FreeRTOS\tasks.o
                                                  Middlewares\FreeRTOS\cmsis_os.o
xTaskGetCurrentTaskHandle                         Middlewares\FreeRTOS\tasks.o
                                                  Middlewares\FreeRTOS\cmsis_os.o
                                                  Middlewares\FreeRTOS\queue.o
xTaskGetSchedulerState                            Middlewares\FreeRTOS\tasks.o
                                                  Middlewares\FreeRTOS\cmsis_os.o
xTaskGetTickCount                                 Middlewares\FreeRTOS\tasks.o
                                                  Middlewares\FreeRTOS\cmsis_os.o
                                                  Middlewares\FreeRTOS\croutine.o
xTaskGetTickCountFromISR                          Middlewares\FreeRTOS\tasks.o
                                                  Middlewares\FreeRTOS\cmsis_os.o
xTaskIncrementTick                                Middlewares\FreeRTOS\tasks.o
                                                  Middlewares\FreeRTOS\port.o
xTaskIsTaskSuspended                              Middlewares\FreeRTOS\tasks.o
                                                  Middlewares\FreeRTOS\cmsis_os.o
xTaskRemoveFromEventList                          Middlewares\FreeRTOS\tasks.o
                                                  Middlewares\FreeRTOS\queue.o
xTaskResumeAll                                    Middlewares\FreeRTOS\tasks.o
                                                  Middlewares\FreeRTOS\cmsis_os.o
                                                  Middlewares\FreeRTOS\heap_4.o
                                                  Middlewares\FreeRTOS\queue.o
xTaskResumeFromISR                                Middlewares\FreeRTOS\tasks.o
                                                  Middlewares\FreeRTOS\cmsis_os.o
